ARM Linker, 5.03 [Build 76] [MDK-ARM Standard]

==============================================================================

Section Cross References

    startup_stm32f10x_hd.o(STACK) refers (Special) to system_stm32f10x.o(.text) for SystemInit
    startup_stm32f10x_hd.o(STACK) refers (Special) to heapauxi.o(.text) for __use_two_region_memory
    startup_stm32f10x_hd.o(HEAP) refers (Special) to system_stm32f10x.o(.text) for SystemInit
    startup_stm32f10x_hd.o(HEAP) refers (Special) to heapauxi.o(.text) for __use_two_region_memory
    startup_stm32f10x_hd.o(RESET) refers (Special) to system_stm32f10x.o(.text) for SystemInit
    startup_stm32f10x_hd.o(RESET) refers (Special) to heapauxi.o(.text) for __use_two_region_memory
    startup_stm32f10x_hd.o(RESET) refers to startup_stm32f10x_hd.o(STACK) for __initial_sp
    startup_stm32f10x_hd.o(RESET) refers to startup_stm32f10x_hd.o(.text) for Reset_Handler
    startup_stm32f10x_hd.o(RESET) refers to cpu.o(.text) for PendSV_Handler
    startup_stm32f10x_hd.o(RESET) refers to driverit.o(.text) for SysTickHandler
    startup_stm32f10x_hd.o(RESET) refers to driverextline.o(.text) for EXTI9_5_IRQHandler
    startup_stm32f10x_hd.o(RESET) refers to driverusart4.o(.text) for USART3_IRQHandler
    startup_stm32f10x_hd.o(.text) refers (Special) to system_stm32f10x.o(.text) for SystemInit
    startup_stm32f10x_hd.o(.text) refers (Special) to heapauxi.o(.text) for __use_two_region_memory
    startup_stm32f10x_hd.o(.text) refers to __main.o(!!!main) for __main
    startup_stm32f10x_hd.o(.text) refers to startup_stm32f10x_hd.o(HEAP) for Heap_Mem
    startup_stm32f10x_hd.o(.text) refers to startup_stm32f10x_hd.o(STACK) for Stack_Mem
    main.o(.text) refers to _printf_pad.o(.text) for _printf_pre_padding
    main.o(.text) refers to _printf_percent.o(.ARM.Collect$$_printf_percent$$00000000) for _printf_percent
    main.o(.text) refers to _printf_f.o(.ARM.Collect$$_printf_percent$$00000003) for _printf_f
    main.o(.text) refers to printf1.o(x$fpl$printf1) for _printf_fp_dec
    main.o(.text) refers to stm32f10x_rcc.o(.text) for RCC_DeInit
    main.o(.text) refers to cpu.o(.text) for IE_syDisable
    main.o(.text) refers to led.o(.text) for led_init
    main.o(.text) refers to stm32f10x_exti.o(.text) for EXTI_DeInit
    main.o(.text) refers to driverspi.o(.text) for test_NSS
    main.o(.text) refers to driversystick.o(.text) for testClockInit
    main.o(.text) refers to driverusart4.o(.text) for usart4Init
    main.o(.text) refers to da7545.o(.text) for AD7545_Init
    main.o(.text) refers to pga204.o(.text) for PGA204Init
    main.o(.text) refers to ad7606.o(.text) for AD7606_Init
    main.o(.text) refers to powermachinefault.o(.text) for MachineFaultInit
    main.o(.text) refers to 1335.o(.text) for AG320240_Init
    main.o(.text) refers to delay.o(.text) for delay
    main.o(.text) refers to gui.o(.text) for test_gui
    main.o(.text) refers to faddsub_clz.o(x$fpl$fsub) for __aeabi_fsub
    main.o(.text) refers to f2d.o(x$fpl$f2d) for __aeabi_f2d
    main.o(.text) refers to noretval__2sprintf.o(.text) for __2sprintf
    main.o(.text) refers to monitoring.o(.text) for Sample_ch4
    main.o(.text) refers to main.o(.bss) for g_stVlue
    delay.o(.text) refers to misc.o(.text) for SysTick_CLKSourceConfig
    delay.o(.text) refers to system_stm32f10x.o(.data) for SystemCoreClock
    delay.o(.text) refers to delay.o(.data) for fac_us
    powermachinefault.o(.text) refers to driverextline.o(.text) for ExtLineConfig
    monitoring.o(.text) refers to dflt_clz.o(x$fpl$dfltu) for __aeabi_ui2d
    monitoring.o(.text) refers to dmul.o(x$fpl$dmul) for __aeabi_dmul
    monitoring.o(.text) refers to ddiv.o(x$fpl$ddiv) for __aeabi_ddiv
    monitoring.o(.text) refers to cos.o(i.cos) for cos
    monitoring.o(.text) refers to dflt_clz.o(x$fpl$dflt) for __aeabi_i2d
    monitoring.o(.text) refers to daddsub_clz.o(x$fpl$dadd) for __aeabi_dadd
    monitoring.o(.text) refers to sin.o(i.sin) for sin
    monitoring.o(.text) refers to sqrt.o(i.sqrt) for sqrt
    monitoring.o(.text) refers to d2f.o(x$fpl$d2f) for __aeabi_d2f
    monitoring.o(.text) refers to driversystick.o(.bss) for T7606Mail
    monitoring.o(.text) refers to ad7606.o(.bss) for stAd7606
    monitoring.o(.text) refers to main.o(.bss) for g_stVlue
    monitoring.o(.text) refers to monitoring.o(.data) for ulValueX
    driverit.o(.text) refers to driverit.o(.bss) for _pfuExceptionArray
    driversystick.o(.text) refers to stm32f10x_rcc.o(.text) for RCC_DeInit
    driversystick.o(.text) refers to stm32f10x_systick.o(.text) for SysTick_SetReload
    driversystick.o(.text) refers to misc.o(.text) for SysTick_CLKSourceConfig
    driversystick.o(.text) refers to driverit.o(.text) for It_vSetException
    driversystick.o(.text) refers to stm32f10x_gpio.o(.text) for GPIO_Init
    driversystick.o(.text) refers to driversystick.o(.data) for g_ulSystemCounter
    ad7606.o(.text) refers to stm32f10x_rcc.o(.text) for RCC_APB2PeriphClockCmd
[...]
    driver\DriverUsart4.c                    0x00000000   Number         0  driverusart4.o ABSOLUTE
    driver\PGA204.c                          0x00000000   Number         0  pga204.o ABSOLUTE
    driver\gui.c                             0x00000000   Number         0  gui.o ABSOLUTE
    ucos_ii\PORT\os_cpu_a.asm                0x00000000   Number         0  os_cpu_a.o ABSOLUTE
    ucos_ii\my_test\my_test.c                0x00000000   Number         0  my_test.o ABSOLUTE
    RESET                                    0x08000000   Section      304  startup_stm32f10x_hd.o(RESET)
    !!!main                                  0x08000130   Section        8  __main.o(!!!main)
    !!!scatter                               0x08000138   Section       52  __scatter.o(!!!scatter)
    !!dczerorl2                              0x0800016c   Section       90  __dczerorl2.o(!!dczerorl2)
    !!handler_zi                             0x080001c8   Section       28  __scatter_zi.o(!!handler_zi)
    .ARM.Collect$$_printf_percent$$00000000  0x080001e4   Section        0  _printf_percent.o(.ARM.Collect$$_printf_percent$$00000000)
    .ARM.Collect$$_printf_percent$$00000003  0x080001e4   Section        6  _printf_f.o(.ARM.Collect$$_printf_percent$$00000003)
    .ARM.Collect$$_printf_percent$$00000017  0x080001ea   Section        4  _printf_percent_end.o(.ARM.Collect$$_printf_percent$$00000017)
    .ARM.Collect$$libinit$$00000000          0x080001ee   Section        2  libinit.o(.ARM.Collect$$libinit$$00000000)
    .ARM.Collect$$libinit$$00000002          0x080001f0   Section        0  libinit2.o(.ARM.Collect$$libinit$$00000002)
    .ARM.Collect$$libinit$$00000008          0x080001f0   Section        0  libinit2.o(.ARM.Collect$$libinit$$00000008)
    .ARM.Collect$$libinit$$0000000A          0x080001f0   Section        0  libinit2.o(.ARM.Collect$$libinit$$0000000A)
    .ARM.Collect$$libinit$$0000000C          0x080001f0   Section        0  libinit2.o(.ARM.Collect$$libinit$$0000000C)
    .ARM.Collect$$libinit$$0000000D          0x080001f0   Section        6  libinit2.o(.ARM.Collect$$libinit$$0000000D)
    .ARM.Collect$$libinit$$0000000F          0x080001f6   Section        0  libinit2.o(.ARM.Collect$$libinit$$0000000F)
    .ARM.Collect$$libinit$$00000011          0x080001f6   Section        0  libinit2.o(.ARM.Collect$$libinit$$00000011)
    .ARM.Collect$$libinit$$00000013          0x080001f6   Section        0  libinit2.o(.ARM.Collect$$libinit$$00000013)
    .ARM.Collect$$libinit$$00000014          0x080001f6   Section       10  libinit2.o(.ARM.Collect$$libinit$$00000014)
    .ARM.Collect$$libinit$$00000015          0x08000200   Section        0  libinit2.o(.ARM.Collect$$libinit$$00000015)
    .ARM.Collect$$libinit$$00000017          0x08000200   Section        0  libinit2.o(.ARM.Collect$$libinit$$00000017)
    .ARM.Collect$$libinit$$00000019          0x08000200   Section        0  libinit2.o(.ARM.Collect$$libinit$$00000019)
    .ARM.Collect$$libinit$$0000001B          0x08000200   Section        0  libinit2.o(.ARM.Collect$$libinit$$0000001B)
    .ARM.Collect$$libinit$$0000001D          0x08000200   Section        0  libinit2.o(.ARM.Collect$$libinit$$0000001D)
    .ARM.Collect$$libinit$$0000001F          0x08000200   Section        0  libinit2.o(.ARM.Collect$$libinit$$0000001F)
    .ARM.Collect$$libinit$$00000021          0x08000200   Section        0  libinit2.o(.ARM.Collect$$libinit$$00000021)
    .ARM.Collect$$libinit$$00000023          0x08000200   Section        0  libinit2.o(.ARM.Collect$$libinit$$00000023)
    .ARM.Collect$$libinit$$0000002A          0x08000200   Section        0  libinit2.o(.ARM.Collect$$libinit$$0000002A)
    .ARM.Collect$$libinit$$0000002C          0x08000200   Section        0  libinit2.o(.ARM.Collect$$libinit$$0000002C)
    .ARM.Collect$$libinit$$0000002E          0x08000200   Section        0  libinit2.o(.ARM.Collect$$libinit$$0000002E)
    .ARM.Collect$$libinit$$00000030          0x08000200   Section        0  libinit2.o(.ARM.Collect$$libinit$$00000030)
    .ARM.Collect$$libinit$$00000031          0x08000200   Section        2  libinit2.o(.ARM.Collect$$libinit$$00000031)
    .ARM.Collect$$libshutdown$$00000000      0x08000202   Section        2  libshutdown.o(.ARM.Collect$$libshutdown$$00000000)
    .ARM.Collect$$libshutdown$$00000003      0x08000204   Section        0  libshutdown2.o(.ARM.Collect$$libshutdown$$00000003)
    .ARM.Collect$$libshutdown$$00000006      0x08000204   Section        0  libshutdown2.o(.ARM.Collect$$libshutdown$$00000006)
    .ARM.Collect$$libshutdown$$00000009      0x08000204   Section        0  libshutdown2.o(.ARM.Collect$$libshutdown$$00000009)
    .ARM.Collect$$libshutdown$$0000000B      0x08000204   Section        0  libshutdown2.o(.ARM.Collect$$libshutdown$$0000000B)
    .ARM.Collect$$libshutdown$$0000000E      0x08000204   Section        0  libshutdown2.o(.ARM.Collect$$libshutdown$$0000000E)
    .ARM.Collect$$libshutdown$$0000000F      0x08000204   Section        2  libshutdown2.o(.ARM.Collect$$libshutdown$$0000000F)
    .ARM.Collect$$rtentry$$00000000          0x08000206   Section        0  rtentry.o(.ARM.Collect$$rtentry$$00000000)
    .ARM.Collect$$rtentry$$00000002          0x08000206   Section        0  rtentry2.o(.ARM.Collect$$rtentry$$00000002)
    .ARM.Collect$$rtentry$$00000004          0x08000206   Section        6  rtentry4.o(.ARM.Collect$$rtentry$$00000004)
    .ARM.Collect$$rtentry$$00000009          0x0800020c   Section        0  rtentry2.o(.ARM.Collect$$rtentry$$00000009)
    .ARM.Collect$$rtentry$$0000000A          0x0800020c   Section        4  rtentry2.o(.ARM.Collect$$rtentry$$0000000A)
    .ARM.Collect$$rtentry$$0000000C          0x08000210   Section        0  rtentry2.o(.ARM.Collect$$rtentry$$0000000C)
    .ARM.Collect$$rtentry$$0000000D          0x08000210   Section        8  rtentry2.o(.ARM.Collect$$rtentry$$0000000D)
    .ARM.Collect$$rtexit$$00000000           0x08000218   Section        2  rtexit.o(.ARM.Collect$$rtexit$$00000000)
    .ARM.Collect$$rtexit$$00000002           0x0800021a   Section        0  rtexit2.o(.ARM.Collect$$rtexit$$00000002)
    .ARM.Collect$$rtexit$$00000003           0x0800021a   Section        4  rtexit2.o(.ARM.Collect$$rtexit$$00000003)
    .ARM.Collect$$rtexit$$00000004           0x0800021e   Section        6  rtexit2.o(.ARM.Collect$$rtexit$$00000004)
    .emb_text                                0x08000224   Section        6  ad7606.o(.emb_text)
    .emb_text                                0x0800022c   Section        4  1335.o(.emb_text)
    .text                                    0x08000230   Section       56  startup_stm32f10x_hd.o(.text)
    .text                                    0x08000268   Section        0  main.o(.text)
    .text                                    0x080003f8   Section        0  delay.o(.text)
    .text                                    0x080004d4   Section        0  powermachinefault.o(.text)
    .text                                    0x080004f0   Section        0  monitoring.o(.text)
    .text                                    0x080009dc   Section        0  driverit.o(.text)
    .text                                    0x08000a10   Section        0  driversystick.o(.text)
    _vInterruptProcess                       0x08000a11   Thumb Code    24  driversystick.o(.text)
    .text                                    0x08000aa0   Section        0  ad7606.o(.text)
    .text                                    0x08000bec   Section        0  1335.o(.text)
    .text                                    0x08001a38   Section        0  da7545.o(.text)
    .text                                    0x08001b00   Section        0  driverusart4.o(.text)
    .text                                    0x08001c94   Section        0  pga204.o(.text)
    .text                                    0x08001d3c   Section        0  driverspi.o(.text)
    .text                                    0x08001f64   Section        0  driverextline.o(.text)
    .text                                    0x08002210   Section        0  gui.o(.text)
    .text                                    0x08002590   Section        0  led.o(.text)
    .text                                    0x080025c0   Section      124  cpu.o(.text)
    .text                                    0x0800263c   Section        0  stm32f10x_systick.o(.text)
    .text                                    0x080026d8   Section        0  stm32f10x_exti.o(.text)
    .text                                    0x080027f4   Section        0  stm32f10x_rcc.o(.text)
    .text                                    0x08002bf8   Section        0  stm32f10x_spi.o(.text)
    .text                                    0x08002f04   Section        0  system_stm32f10x.o(.text)
    SetSysClockTo72                          0x08002f05   Thumb Code   212  system_stm32f10x.o(.text)
    SetSysClock                              0x08002fd9   Thumb Code     8  system_stm32f10x.o(.text)
    .text                                    0x080030e0   Section        0  misc.o(.text)
    .text                                    0x080031bc   Section        0  stm32f10x_gpio.o(.text)
    .text                                    0x08003514   Section        0  stm32f10x_usart.o(.text)
    .text                                    0x0800391c   Section        0  noretval__2sprintf.o(.text)
    .text                                    0x08003944   Section        0  _printf_pad.o(.text)
    .text                                    0x08003996   Section        0  __printf_wp.o(.text)
    .text                                    0x08003aa4   Section       68  rt_memclr.o(.text)
    .text                                    0x08003ae8   Section        0  heapauxi.o(.text)
    .text                                    0x08003aee   Section        0  _rserrno.o(.text)
    .text                                    0x08003b04   Section        0  _printf_fp_dec.o(.text)
    _fp_digits                               0x08003b07   Thumb Code   426  _printf_fp_dec.o(.text)
    .text                                    0x08003f24   Section        0  _printf_char_common.o(.text)
    _printf_input_char                       0x08003f25   Thumb Code    10  _printf_char_common.o(.text)
    .text                                    0x08003f54   Section        0  _sputc.o(.text)
    .text                                    0x08003f5e   Section       78  rt_memclr_w.o(.text)
    .text                                    0x08003fac   Section        8  rt_locale_intlibspace.o(.text)
    .text                                    0x08003fb4   Section        8  rt_errno_addr_intlibspace.o(.text)
    .text                                    0x08003fbc   Section      138  lludiv10.o(.text)
    .text                                    0x08004048   Section        0  _printf_fp_infnan.o(.text)
    .text                                    0x080040c8   Section        0  bigflt0.o(.text)
    .text                                    0x080041ac   Section        8  libspace.o(.text)
    .text                                    0x080041b4   Section       74  sys_stackheap_outer.o(.text)
    .text                                    0x080041fe   Section        0  exit.o(.text)
    .text                                    0x0800420c   Section      128  strcmpv7m.o(.text)
    .text                                    0x0800428c   Section        0  sys_exit.o(.text)
    .text                                    0x08004298   Section        2  use_no_semi.o(.text)
    .text                                    0x0800429a   Section        0  indicate_semi.o(.text)
    CL$$btod_d2e                             0x0800429a   Section       62  btod.o(CL$$btod_d2e)
    CL$$btod_d2e_denorm_low                  0x080042d8   Section       70  btod.o(CL$$btod_d2e_denorm_low)
    CL$$btod_d2e_norm_op1                    0x0800431e   Section       96  btod.o(CL$$btod_d2e_norm_op1)
    CL$$btod_div_common                      0x0800437e   Section      824  btod.o(CL$$btod_div_common)
    CL$$btod_e2e                             0x080046b6   Section      198  btod.o(CL$$btod_e2e)
    CL$$btod_ediv                            0x0800477c   Section       40  btod.o(CL$$btod_ediv)
    CL$$btod_emul                            0x080047a4   Section       40  btod.o(CL$$btod_emul)
    CL$$btod_mult_common                     0x080047cc   Section      580  btod.o(CL$$btod_mult_common)
    i.__ARM_fpclassify                       0x08004a10   Section        0  fpclassify.o(i.__ARM_fpclassify)
    i.__ieee754_rem_pio2                     0x08004a38   Section        0  rred.o(i.__ieee754_rem_pio2)
    i.__kernel_cos                           0x08004dc0   Section        0  cos_i.o(i.__kernel_cos)
    i.__kernel_poly                          0x08004ebc   Section        0  poly.o(i.__kernel_poly)
    i.__kernel_sin                           0x08004f68   Section        0  sin_i.o(i.__kernel_sin)
    i.__mathlib_dbl_underflow                0x08005054   Section        0  dunder.o(i.__mathlib_dbl_underflow)
    i._is_digit                              0x08005064   Section        0  __printf_wp.o(i._is_digit)
    i.cos                                    0x08005074   Section        0  cos.o(i.cos)
    i.sin                                    0x08005120   Section        0  sin.o(i.sin)
    i.sqrt                                   0x080051d0   Section        0  sqrt.o(i.sqrt)
    locale$$code                             0x0800521c   Section       44  lc_numeric_c.o(locale$$code)
    x$fpl$d2f                                0x08005248   Section       98  d2f.o(x$fpl$d2f)
    x$fpl$dadd                               0x080052ac   Section      336  daddsub_clz.o(x$fpl$dadd)
    _dadd1                                   0x080052bd   Thumb Code     0  daddsub_clz.o(x$fpl$dadd)
    x$fpl$dcheck1                            0x080053fc   Section       16  dcheck1.o(x$fpl$dcheck1)
    x$fpl$ddiv                               0x0800540c   Section      688  ddiv.o(x$fpl$ddiv)
    ddiv_entry                               0x08005413   Thumb Code     0  ddiv.o(x$fpl$ddiv)
    x$fpl$dfix                               0x080056bc   Section       94  dfix.o(x$fpl$dfix)
    x$fpl$dflt                               0x0800571a   Section       46  dflt_clz.o(x$fpl$dflt)
    x$fpl$dfltu                              0x08005748   Section       38  dflt_clz.o(x$fpl$dfltu)
    x$fpl$dmul                               0x08005770   Section      340  dmul.o(x$fpl$dmul)
    x$fpl$dnaninf                            0x080058c4   Section      156  dnaninf.o(x$fpl$dnaninf)
    x$fpl$dretinf                            0x08005960   Section       12  dretinf.o(x$fpl$dretinf)
    x$fpl$drsb                               0x0800596c   Section       22  daddsub_clz.o(x$fpl$drsb)
    x$fpl$dsqrt                              0x08005984   Section      460  dsqrt_noumaal.o(x$fpl$dsqrt)
    x$fpl$dsub                               0x08005b50   Section      468  daddsub_clz.o(x$fpl$dsub)
    _dsub1                                   0x08005b61   Thumb Code     0  daddsub_clz.o(x$fpl$dsub)
    x$fpl$f2d                                0x08005d24   Section       86  f2d.o(x$fpl$f2d)
    x$fpl$fadd                               0x08005d7c   Section      196  faddsub_clz.o(x$fpl$fadd)
    _fadd1                                   0x08005d8b   Thumb Code     0  faddsub_clz.o(x$fpl$fadd)
    x$fpl$ffixu                              0x08005e40   Section       62  ffixu.o(x$fpl$ffixu)
    x$fpl$fnaninf                            0x08005e7e   Section      140  fnaninf.o(x$fpl$fnaninf)
    x$fpl$fretinf                            0x08005f0a   Section       10  fretinf.o(x$fpl$fretinf)
    x$fpl$fsub                               0x08005f14   Section      234  faddsub_clz.o(x$fpl$fsub)
    _fsub1                                   0x08005f23   Thumb Code     0  faddsub_clz.o(x$fpl$fsub)
    x$fpl$printf1                            0x08005ffe   Section        4  printf1.o(x$fpl$printf1)
    x$fpl$retnan                             0x08006002   Section      100  retnan.o(x$fpl$retnan)
    x$fpl$scalbn                             0x08006066   Section       92  scalbn.o(x$fpl$scalbn)
    x$fpl$trapveneer                         0x080060c2   Section       48  trapv.o(x$fpl$trapveneer)
    .constdata                               0x080060f2   Section      944  1335.o(.constdata)
    x$fpl$usenofp                            0x080060f2   Section        0  usenofp.o(x$fpl$usenofp)
    .constdata                               0x080064a8   Section       48  cos_i.o(.constdata)
    C                                        0x080064a8   Data          48  cos_i.o(.constdata)
    .constdata                               0x080064d8   Section      200  rred.o(.constdata)
    pio2s                                    0x080064d8   Data          48  rred.o(.constdata)
    twooverpi                                0x08006508   Data         152  rred.o(.constdata)
    .constdata                               0x080065a0   Section       40  sin_i.o(.constdata)
    S                                        0x080065a0   Data          40  sin_i.o(.constdata)
    .constdata                               0x080065c8   Section      148  bigflt0.o(.constdata)
    tenpwrs_x                                0x080065c8   Data          60  bigflt0.o(.constdata)
    tenpwrs_i                                0x08006604   Data          64  bigflt0.o(.constdata)
    locale$$data                             0x0800667c   Section       28  lc_numeric_c.o(locale$$data)
    __lcnum_c_name                           0x08006680   Data           2  lc_numeric_c.o(locale$$data)
    __lcnum_c_start                          0x08006688   Data           0  lc_numeric_c.o(locale$$data)
    __lcnum_c_point                          0x08006694   Data           0  lc_numeric_c.o(locale$$data)
    __lcnum_c_thousands                      0x08006696   Data           0  lc_numeric_c.o(locale$$data)
    __lcnum_c_grouping                       0x08006697   Data           0  lc_numeric_c.o(locale$$data)
    __lcnum_c_end                            0x08006698   Data           0  lc_numeric_c.o(locale$$data)
    .data                                    0x20000000   Section        4  delay.o(.data)
    fac_us                                   0x20000000   Data           1  delay.o(.data)
    fac_ms                                   0x20000002   Data           2  delay.o(.data)
    .data                                    0x20000008   Section       16  monitoring.o(.data)
    ulValueX                                 0x20000008   Data           8  monitoring.o(.data)
    ulValueY                                 0x20000010   Data           8  monitoring.o(.data)
    .data                                    0x20000018   Section        4  driversystick.o(.data)
    .data                                    0x2000001c   Section     2128  1335.o(.data)
    .data                                    0x2000086c   Section        6  driverextline.o(.data)
    .data                                    0x20000874   Section        8  gui.o(.data)
    glow                                     0x20000874   Data           1  gui.o(.data)
    ghigh                                    0x20000875   Data           1  gui.o(.data)
    .data                                    0x2000087c   Section       28  mytask .o(.data)
    _syInitFlag                              0x20000894   Data           4  mytask .o(.data)
    .data                                    0x20000898   Section       20  stm32f10x_rcc.o(.data)
    APBAHBPrescTable                         0x20000898   Data          16  stm32f10x_rcc.o(.data)
    ADCPrescTable                            0x200008a8   Data           4  stm32f10x_rcc.o(.data)
    .data                                    0x200008ac   Section       20  system_stm32f10x.o(.data)
    .bss                                     0x200008c0   Section       68  main.o(.bss)
    .bss                                     0x20000904   Section       36  driverit.o(.bss)
    _pfuExceptionArray                       0x20000904   Data          36  driverit.o(.bss)
    .bss                                     0x20000928   Section       24  driversystick.o(.bss)
    .bss                                     0x20000940   Section    12800  ad7606.o(.bss)
    .bss                                     0x20003b40   Section       96  libspace.o(.bss)
    HEAP                                     0x20003ba0   Section      512  startup_stm32f10x_hd.o(HEAP)
    Heap_Mem                                 0x20003ba0   Data         512  startup_stm32f10x_hd.o(HEAP)
    STACK                                    0x20003da0   Section     1024  startup_stm32f10x_hd.o(STACK)
    Stack_Mem                                0x20003da0   Data        1024  startup_stm32f10x_hd.o(STACK)
    __initial_sp                             0x200041a0   Data           0  startup_stm32f10x_hd.o(STACK)

    Global Symbols

    Symbol Name                              Value     Ov Type        Size  Object(Section)

    BuildAttributes$$THM_ISAv4$P$D$K$B$S$PE$A:L22UL41UL21$X:L11$S22US41US21$IEEE1$IW$USESV6$~STKCKD$USESV7$~SHL$OTIME$ROPI$IEEEX$EBA8$UX$STANDARDLIB$REQ8$PRES8$EABIv2 0x00000000   Number         0  anon$$obj.o ABSOLUTE
    __ARM_use_no_argv                        0x00000000   Number         0  main.o ABSOLUTE
    _printf_flags                            0x00000000   Number         0  printf_stubs.o ABSOLUTE
    _printf_return_value                     0x00000000   Number         0  printf_stubs.o ABSOLUTE
    _printf_sizespec                         0x00000000   Number         0  printf_stubs.o ABSOLUTE
    _printf_widthprec                        0x00000000   Number         0  printf_stubs.o ABSOLUTE
    __ARM_exceptions_init                     - Undefined Weak Reference
    __alloca_initialize                       - Undefined Weak Reference
    __cpp_initialize__aeabi_                  - Undefined Weak Reference
    __cxa_finalize                            - Undefined Weak Reference
    __sigvec_lookup                           - Undefined Weak Reference
    _atexit_init                              - Undefined Weak Reference
    _call_atexit_fns                          - Undefined Weak Reference
    _clock_init                               - Undefined Weak Reference
    _fp_trap_init                             - Undefined Weak Reference
    _fp_trap_shutdown                         - Undefined Weak Reference
    _get_lc_collate                           - Undefined Weak Reference
    _get_lc_ctype                             - Undefined Weak Reference
    _get_lc_monetary                          - Undefined Weak Reference
    _get_lc_time                              - Undefined Weak Reference
    _getenv_init                              - Undefined Weak Reference
    _handle_redirection                       - Undefined Weak Reference
    _init_alloc                               - Undefined Weak Reference
    _init_user_alloc                          - Undefined Weak Reference
    _initio                                   - Undefined Weak Reference
    _rand_init                                - Undefined Weak Reference
    _signal_finish                            - Undefined Weak Reference
    _signal_init                              - Undefined Weak Reference
    _terminate_alloc                          - Undefined Weak Reference
    _terminate_user_alloc                     - Undefined Weak Reference
    _terminateio                              - Undefined Weak Reference
    __Vectors_Size                           0x00000130   Number         0  startup_stm32f10x_hd.o ABSOLUTE
    __Vectors                                0x08000000   Data           4  startup_stm32f10x_hd.o(RESET)
    __Vectors_End                            0x08000130   Data           0  startup_stm32f10x_hd.o(RESET)
    __main                                   0x08000131   Thumb Code     8  __main.o(!!!main)
    __scatterload                            0x08000139   Thumb Code     0  __scatter.o(!!!scatter)
    __scatterload_rt2                        0x08000139   Thumb Code    44  __scatter.o(!!!scatter)
    __scatterload_rt2_thumb_only             0x08000139   Thumb Code     0  __scatter.o(!!!scatter)
    __scatterload_null                       0x08000147   Thumb Code     0  __scatter.o(!!!scatter)
    __decompress                             0x0800016d   Thumb Code    90  __dczerorl2.o(!!dczerorl2)
    __decompress1                            0x0800016d   Thumb Code     0  __dczerorl2.o(!!dczerorl2)
    __scatterload_zeroinit                   0x080001c9   Thumb Code    28  __scatter_zi.o(!!handler_zi)
    _printf_f                                0x080001e5   Thumb Code     0  _printf_f.o(.ARM.Collect$$_printf_percent$$00000003)
    _printf_percent                          0x080001e5   Thumb Code     0  _printf_percent.o(.ARM.Collect$$_printf_percent$$00000000)
    _printf_percent_end                      0x080001eb   Thumb Code     0  _printf_percent_end.o(.ARM.Collect$$_printf_percent$$00000017)
    __rt_lib_init                            0x080001ef   Thumb Code     0  libinit.o(.ARM.Collect$$libinit$$00000000)
    __rt_lib_init_fp_1                       0x080001f1   Thumb Code     0  libinit2.o(.ARM.Collect$$libinit$$00000002)
    __rt_lib_init_heap_1                     0x080001f1   Thumb Code     0  libinit2.o(.ARM.Collect$$libinit$$00000008)
    __rt_lib_init_lc_common                  0x080001f1   Thumb Code     0  libinit2.o(.ARM.Collect$$libinit$$0000000D)
    __rt_lib_init_rand_1                     0x080001f1   Thumb Code     0  libinit2.o(.ARM.Collect$$libinit$$0000000C)
    __rt_lib_init_user_alloc_1               0x080001f1   Thumb Code     0  libinit2.o(.ARM.Collect$$libinit$$0000000A)
    __rt_lib_init_lc_collate_1               0x080001f7   Thumb Code     0  libinit2.o(.ARM.Collect$$libinit$$0000000F)
    __rt_lib_init_lc_ctype_1                 0x080001f7   Thumb Code     0  libinit2.o(.ARM.Collect$$libinit$$00000011)
    __rt_lib_init_lc_monetary_1              0x080001f7   Thumb Code     0  libinit2.o(.ARM.Collect$$libinit$$00000013)
    __rt_lib_init_lc_numeric_2               0x080001f7   Thumb Code     0  libinit2.o(.ARM.Collect$$libinit$$00000014)
    __rt_lib_init_alloca_1                   0x08000201   Thumb Code     0  libinit2.o(.ARM.Collect$$libinit$$0000002C)
    __rt_lib_init_argv_1                     0x08000201   Thumb Code     0  libinit2.o(.ARM.Collect$$libinit$$0000002A)
    __rt_lib_init_atexit_1                   0x08000201   Thumb Code     0  libinit2.o(.ARM.Collect$$libinit$$00000019)
    __rt_lib_init_clock_1                    0x08000201   Thumb Code     0  libinit2.o(.ARM.Collect$$libinit$$0000001F)
    __rt_lib_init_cpp_1                      0x08000201   Thumb Code     0  libinit2.o(.ARM.Collect$$libinit$$00000030)
    __rt_lib_init_exceptions_1               0x08000201   Thumb Code     0  libinit2.o(.ARM.Collect$$libinit$$0000002E)
    __rt_lib_init_fp_trap_1                  0x08000201   Thumb Code     0  libinit2.o(.ARM.Collect$$libinit$$0000001D)
    __rt_lib_init_getenv_1                   0x08000201   Thumb Code     0  libinit2.o(.ARM.Collect$$libinit$$00000021)
    __rt_lib_init_lc_numeric_1               0x08000201   Thumb Code     0  libinit2.o(.ARM.Collect$$libinit$$00000015)
    __rt_lib_init_lc_time_1                  0x08000201   Thumb Code     0  libinit2.o(.ARM.Collect$$libinit$$00000017)
    __rt_lib_init_return                     0x08000201   Thumb Code     0  libinit2.o(.ARM.Collect$$libinit$$00000031)
    __rt_lib_init_signal_1                   0x08000201   Thumb Code     0  libinit2.o(.ARM.Collect$$libinit$$0000001B)
    __rt_lib_init_stdio_1                    0x08000201   Thumb Code     0  libinit2.o(.ARM.Collect$$libinit$$00000023)
    __rt_lib_shutdown                        0x08000203   Thumb Code     0  libshutdown.o(.ARM.Collect$$libshutdown$$00000000)
    __rt_lib_shutdown_fp_trap_1              0x08000205   Thumb Code     0  libshutdown2.o(.ARM.Collect$$libshutdown$$00000006)
    __rt_lib_shutdown_heap_1                 0x08000205   Thumb Code     0  libshutdown2.o(.ARM.Collect$$libshutdown$$0000000E)
    __rt_lib_shutdown_return                 0x08000205   Thumb Code     0  libshutdown2.o(.ARM.Collect$$libshutdown$$0000000F)
    __rt_lib_shutdown_signal_1               0x08000205   Thumb Code     0  libshutdown2.o(.ARM.Collect$$libshutdown$$00000009)
    __rt_lib_shutdown_stdio_1                0x08000205   Thumb Code     0  libshutdown2.o(.ARM.Collect$$libshutdown$$00000003)
    __rt_lib_shutdown_user_alloc_1           0x08000205   Thumb Code     0  libshutdown2.o(.ARM.Collect$$libshutdown$$0000000B)
    __rt_entry                               0x08000207   Thumb Code     0  rtentry.o(.ARM.Collect$$rtentry$$00000000)
    __rt_entry_presh_1                       0x08000207   Thumb Code     0  rtentry2.o(.ARM.Collect$$rtentry$$00000002)
    __rt_entry_sh                            0x08000207   Thumb Code     0  rtentry4.o(.ARM.Collect$$rtentry$$00000004)
    __rt_entry_li                            0x0800020d   Thumb Code     0  rtentry2.o(.ARM.Collect$$rtentry$$0000000A)
    __rt_entry_postsh_1                      0x0800020d   Thumb Code     0  rtentry2.o(.ARM.Collect$$rtentry$$00000009)
    __rt_entry_main                          0x08000211   Thumb Code     0  rtentry2.o(.ARM.Collect$$rtentry$$0000000D)
    __rt_entry_postli_1                      0x08000211   Thumb Code     0  rtentry2.o(.ARM.Collect$$rtentry$$0000000C)
    __rt_exit                                0x08000219   Thumb Code     0  rtexit.o(.ARM.Collect$$rtexit$$00000000)
    __rt_exit_ls                             0x0800021b   Thumb Code     0  rtexit2.o(.ARM.Collect$$rtexit$$00000003)
    __rt_exit_prels_1                        0x0800021b   Thumb Code     0  rtexit2.o(.ARM.Collect$$rtexit$$00000002)
    __rt_exit_exit                           0x0800021f   Thumb Code     0  rtexit2.o(.ARM.Collect$$rtexit$$00000004)
    __RBIT1                                  0x08000225   Thumb Code     6  ad7606.o(.emb_text)
    nop                                      0x0800022d   Thumb Code     4  1335.o(.emb_text)
    Reset_Handler                            0x08000231   Thumb Code     4  startup_stm32f10x_hd.o(.text)
    NMI_Handler                              0x08000235   Thumb Code     2  startup_stm32f10x_hd.o(.text)
    HardFault_Handler                        0x08000237   Thumb Code     2  startup_stm32f10x_hd.o(.text)
    MemManage_Handler                        0x08000239   Thumb Code     2  startup_stm32f10x_hd.o(.text)
    BusFault_Handler                         0x0800023b   Thumb Code     2  startup_stm32f10x_hd.o(.text)
    UsageFault_Handler                       0x0800023d   Thumb Code     2  startup_stm32f10x_hd.o(.text)
    SVC_Handler                              0x0800023f   Thumb Code     2  startup_stm32f10x_hd.o(.text)
    DebugMon_Handler                         0x08000241   Thumb Code     2  startup_stm32f10x_hd.o(.text)
    SysTick_Handler                          0x08000245   Thumb Code     2  startup_stm32f10x_hd.o(.text)
    ADC1_2_IRQHandler                        0x08000247   Thumb Code     0  startup_stm32f10x_hd.o(.text)
    ADC3_IRQHandler                          0x08000247   Thumb Code     0  startup_stm32f10x_hd.o(.text)
    CAN1_RX1_IRQHandler                      0x08000247   Thumb Code     0  startup_stm32f10x_hd.o(.text)
    CAN1_SCE_IRQHandler                      0x08000247   Thumb Code     0  startup_stm32f10x_hd.o(.text)
    DMA1_Channel1_IRQHandler                 0x08000247   Thumb Code     0  startup_stm32f10x_hd.o(.text)
    DMA1_Channel2_IRQHandler                 0x08000247   Thumb Code     0  startup_stm32f10x_hd.o(.text)
    DMA1_Channel3_IRQHandler                 0x08000247   Thumb Code     0  startup_stm32f10x_hd.o(.text)
    DMA1_Channel4_IRQHandler                 0x08000247   Thumb Code     0  startup_stm32f10x_hd.o(.text)
    DMA1_Channel5_IRQHandler                 0x08000247   Thumb Code     0  startup_stm32f10x_hd.o(.text)
    DMA1_Channel6_IRQHandler                 0x08000247   Thumb Code     0  startup_stm32f10x_hd.o(.text)
    DMA1_Channel7_IRQHandler                 0x08000247   Thumb Code     0  startup_stm32f10x_hd.o(.text)
    DMA2_Channel1_IRQHandler                 0x08000247   Thumb Code     0  startup_stm32f10x_hd.o(.text)
    DMA2_Channel2_IRQHandler                 0x08000247   Thumb Code     0  startup_stm32f10x_hd.o(.text)
    DMA2_Channel3_IRQHandler                 0x08000247   Thumb Code     0  startup_stm32f10x_hd.o(.text)
    DMA2_Channel4_5_IRQHandler               0x08000247   Thumb Code     0  startup_stm32f10x_hd.o(.text)
    EXTI0_IRQHandler                         0x08000247   Thumb Code     0  startup_stm32f10x_hd.o(.text)
    EXTI1_IRQHandler                         0x08000247   Thumb Code     0  startup_stm32f10x_hd.o(.text)
    EXTI2_IRQHandler                         0x08000247   Thumb Code     0  startup_stm32f10x_hd.o(.text)
    EXTI3_IRQHandler                         0x08000247   Thumb Code     0  startup_stm32f10x_hd.o(.text)
    EXTI4_IRQHandler                         0x08000247   Thumb Code     0  startup_stm32f10x_hd.o(.text)
    FLASH_IRQHandler                         0x08000247   Thumb Code     0  startup_stm32f10x_hd.o(.text)
    FSMC_IRQHandler                          0x08000247   Thumb Code     0  startup_stm32f10x_hd.o(.text)
    I2C1_ER_IRQHandler                       0x08000247   Thumb Code     0  startup_stm32f10x_hd.o(.text)
    I2C1_EV_IRQHandler                       0x08000247   Thumb Code     0  startup_stm32f10x_hd.o(.text)
    I2C2_ER_IRQHandler                       0x08000247   Thumb Code     0  startup_stm32f10x_hd.o(.text)
    I2C2_EV_IRQHandler                       0x08000247   Thumb Code     0  startup_stm32f10x_hd.o(.text)
    PVD_IRQHandler                           0x08000247   Thumb Code     0  startup_stm32f10x_hd.o(.text)
    RCC_IRQHandler                           0x08000247   Thumb Code     0  startup_stm32f10x_hd.o(.text)
    RTCAlarm_IRQHandler                      0x08000247   Thumb Code     0  startup_stm32f10x_hd.o(.text)
    RTC_IRQHandler                           0x08000247   Thumb Code     0  startup_stm32f10x_hd.o(.text)
    SDIO_IRQHandler                          0x08000247   Thumb Code     0  startup_stm32f10x_hd.o(.text)
    SPI1_IRQHandler                          0x08000247   Thumb Code     0  startup_stm32f10x_hd.o(.text)
    SPI2_IRQHandler                          0x08000247   Thumb Code     0  startup_stm32f10x_hd.o(.text)
    SPI3_IRQHandler                          0x08000247   Thumb Code     0  startup_stm32f10x_hd.o(.text)
    TAMPER_IRQHandler                        0x08000247   Thumb Code     0  startup_stm32f10x_hd.o(.text)
    TIM1_BRK_IRQHandler                      0x08000247   Thumb Code     0  startup_stm32f10x_hd.o(.text)
    TIM1_CC_IRQHandler                       0x08000247   Thumb Code     0  startup_stm32f10x_hd.o(.text)
    TIM1_TRG_COM_IRQHandler                  0x08000247   Thumb Code     0  startup_stm32f10x_hd.o(.text)
    TIM1_UP_IRQHandler                       0x08000247   Thumb Code     0  startup_stm32f10x_hd.o(.text)
    TIM2_IRQHandler                          0x08000247   Thumb Code     0  startup_stm32f10x_hd.o(.text)
    TIM3_IRQHandler                          0x08000247   Thumb Code     0  startup_stm32f10x_hd.o(.text)
    TIM4_IRQHandler                          0x08000247   Thumb Code     0  startup_stm32f10x_hd.o(.text)
    TIM5_IRQHandler                          0x08000247   Thumb Code     0  startup_stm32f10x_hd.o(.text)
    TIM6_IRQHandler                          0x08000247   Thumb Code     0  startup_stm32f10x_hd.o(.text)
    TIM7_IRQHandler                          0x08000247   Thumb Code     0  startup_stm32f10x_hd.o(.text)
    TIM8_BRK_IRQHandler                      0x08000247   Thumb Code     0  startup_stm32f10x_hd.o(.text)
    TIM8_CC_IRQHandler                       0x08000247   Thumb Code     0  startup_stm32f10x_hd.o(.text)
    TIM8_TRG_COM_IRQHandler                  0x08000247   Thumb Code     0  startup_stm32f10x_hd.o(.text)
    TIM8_UP_IRQHandler                       0x08000247   Thumb Code     0  startup_stm32f10x_hd.o(.text)
    UART5_IRQHandler                         0x08000247   Thumb Code     0  startup_stm32f10x_hd.o(.text)
    USART1_IRQHandler                        0x08000247   Thumb Code     0  startup_stm32f10x_hd.o(.text)
    USART2_IRQHandler                        0x08000247   Thumb Code     0  startup_stm32f10x_hd.o(.text)
    USBWakeUp_IRQHandler                     0x08000247   Thumb Code     0  startup_stm32f10x_hd.o(.text)
    USB_HP_CAN1_TX_IRQHandler                0x08000247   Thumb Code     0  startup_stm32f10x_hd.o(.text)
    USB_LP_CAN1_RX0_IRQHandler               0x08000247   Thumb Code     0  startup_stm32f10x_hd.o(.text)
    WWDG_IRQHandler                          0x08000247   Thumb Code     0  startup_stm32f10x_hd.o(.text)
    __user_initial_stackheap                 0x08000249   Thumb Code     0  startup_stm32f10x_hd.o(.text)
    sysclk_int                               0x08000269   Thumb Code    90  main.o(.text)
    main                                     0x080002c3   Thumb Code   290  main.o(.text)
    delay_init                               0x080003f9   Thumb Code    50  delay.o(.text)
    delay_us                                 0x0800042b   Thumb Code    70  delay.o(.text)
    delay_ms                                 0x08000471   Thumb Code    70  delay.o(.text)
    delay                                    0x080004b7   Thumb Code    12  delay.o(.text)
    MachineFaultInit                         0x080004d5   Thumb Code    28  powermachinefault.o(.text)
    Sample_Chanal                            0x080004f1   Thumb Code   348  monitoring.o(.text)
    Sample_ch6                               0x0800064d   Thumb Code   346  monitoring.o(.text)
    Sample_ch4                               0x080007a7   Thumb Code   386  monitoring.o(.text)
    Sample_ch7                               0x08000929   Thumb Code   158  monitoring.o(.text)
    It_vSetException                         0x080009dd   Thumb Code    16  driverit.o(.text)
    PendSVC                                  0x080009ed   Thumb Code    16  driverit.o(.text)
    SysTickHandler                           0x080009fd   Thumb Code    16  driverit.o(.text)
    DriverSystickInit                        0x08000a29   Thumb Code    46  driversystick.o(.text)
    testClockInit                            0x08000a57   Thumb Code    38  driversystick.o(.text)
    Timer_vStart                             0x08000a7d   Thumb Code    10  driversystick.o(.text)
    Timer_vStop                              0x08000a87   Thumb Code    12  driversystick.o(.text)
    AD7606_Init                              0x08000aa1   Thumb Code   174  ad7606.o(.text)
    AD7606_Handle                            0x08000b4f   Thumb Code   136  ad7606.o(.text)
    SomeNopRA8835P                           0x08000bed   Thumb Code    44  1335.o(.text)
    AG320240_GPIOConfig                      0x08000c19   Thumb Code   246  1335.o(.text)
    WriteCommandRA8835P                      0x08000d0f   Thumb Code   240  1335.o(.text)
    WriteDataRA8835P                         0x08000dff   Thumb Code   240  1335.o(.text)
    ShowScreen1                              0x08000eef   Thumb Code    16  1335.o(.text)
    ShowScreen2                              0x08000eff   Thumb Code    16  1335.o(.text)
    Display_Locate                           0x08000f0f   Thumb Code    80  1335.o(.text)
    ScanScreen                               0x08000f5f   Thumb Code   110  1335.o(.text)
    DrawPictureRA8835                        0x08000fcd   Thumb Code   194  1335.o(.text)
    SetCursor                                0x0800108f   Thumb Code    68  1335.o(.text)
    chdisp                                   0x080010d3   Thumb Code   196  1335.o(.text)
    clear1                                   0x08001197   Thumb Code    70  1335.o(.text)
    clear2                                   0x080011dd   Thumb Code    70  1335.o(.text)
    clear3                                   0x08001223   Thumb Code    70  1335.o(.text)
    frame                                    0x08001269   Thumb Code   174  1335.o(.text)
    dis_biao                                 0x08001317   Thumb Code    92  1335.o(.text)
    hzdisp1                                  0x08001373   Thumb Code   192  1335.o(.text)
    hzdisp                                   0x08001433   Thumb Code   154  1335.o(.text)
    dis_frame                                0x080014cd   Thumb Code   594  1335.o(.text)
    screen1                                  0x0800171f   Thumb Code     2  1335.o(.text)
    screen2                                  0x08001721   Thumb Code   398  1335.o(.text)
    AG320240_Init                            0x080018af   Thumb Code   320  1335.o(.text)
    AG320240_Test                            0x080019ef   Thumb Code    68  1335.o(.text)
    AD7545_Init                              0x08001a39   Thumb Code    50  da7545.o(.text)
    setDC_Value                              0x08001a6b   Thumb Code   136  da7545.o(.text)
    usart4Init                               0x08001b01   Thumb Code   182  driverusart4.o(.text)
    USART3_IRQHandler                        0x08001bb7   Thumb Code    46  driverusart4.o(.text)
    SetCurentPercent                         0x08001be5   Thumb Code    26  driverusart4.o(.text)
    UART4_IRQHandler                         0x08001bff   Thumb Code    78  driverusart4.o(.text)
    AD7545_handle                            0x08001c4d   Thumb Code    54  driverusart4.o(.text)
    PGA204Init                               0x08001c95   Thumb Code    60  pga204.o(.text)
    SetAmplification                         0x08001cd1   Thumb Code    98  pga204.o(.text)
    spi_1_innit                              0x08001d3d   Thumb Code   166  driverspi.o(.text)
    test_NSS                                 0x08001de3   Thumb Code    54  driverspi.o(.text)
    SPI1_Write                               0x08001e19   Thumb Code    54  driverspi.o(.text)
    SPI1_WriteRead                           0x08001e4f   Thumb Code   152  driverspi.o(.text)
    SPI1_Read                                0x08001ee7   Thumb Code    82  driverspi.o(.text)
    SPI1_ReadByte                            0x08001f39   Thumb Code    36  driverspi.o(.text)
    ExtLineConfig                            0x08001f65   Thumb Code   418  driverextline.o(.text)
    EXTI9_5_IRQHandler                       0x08002107   Thumb Code   166  driverextline.o(.text)
    EXTI15_10_IRQHandler                     0x080021ad   Thumb Code    28  driverextline.o(.text)
    test_chumo                               0x080021c9   Thumb Code    54  driverextline.o(.text)
    DrawDots                                 0x08002211   Thumb Code    88  gui.o(.text)
    DrawLine                                 0x08002269   Thumb Code   378  gui.o(.text)
    test_gui                                 0x080023e3   Thumb Code   414  gui.o(.text)
    led_init                                 0x08002591   Thumb Code    44  led.o(.text)
    IE_syDisable                             0x080025c9   Thumb Code     0  cpu.o(.text)
    IE_vSet                                  0x080025d1   Thumb Code     0  cpu.o(.text)
    IE_vGenerateFirstPendSV                  0x080025d7   Thumb Code     0  cpu.o(.text)
    PendSV_Handler                           0x080025f1   Thumb Code     0  cpu.o(.text)
    IE_vGeneratePendSV                       0x08002623   Thumb Code     0  cpu.o(.text)
    SysTick_SetReload                        0x0800263d   Thumb Code     8  stm32f10x_systick.o(.text)
    SysTick_CounterCmd                       0x08002645   Thumb Code    54  stm32f10x_systick.o(.text)
    SysTick_ITConfig                         0x0800267b   Thumb Code    38  stm32f10x_systick.o(.text)
    SysTick_GetCounter                       0x080026a1   Thumb Code     8  stm32f10x_systick.o(.text)
    SysTick_GetFlagStatus                    0x080026a9   Thumb Code    46  stm32f10x_systick.o(.text)
    EXTI_DeInit                              0x080026d9   Thumb Code    28  stm32f10x_exti.o(.text)
    EXTI_Init                                0x080026f5   Thumb Code   142  stm32f10x_exti.o(.text)
    EXTI_StructInit                          0x08002783   Thumb Code    16  stm32f10x_exti.o(.text)
    EXTI_GenerateSWInterrupt                 0x08002793   Thumb Code    16  stm32f10x_exti.o(.text)
    EXTI_GetFlagStatus                       0x080027a3   Thumb Code    22  stm32f10x_exti.o(.text)
    EXTI_ClearFlag                           0x080027b9   Thumb Code     8  stm32f10x_exti.o(.text)
    EXTI_GetITStatus                         0x080027c1   Thumb Code    34  stm32f10x_exti.o(.text)
    EXTI_ClearITPendingBit                   0x080027e3   Thumb Code     8  stm32f10x_exti.o(.text)
    RCC_DeInit                               0x080027f5   Thumb Code    64  stm32f10x_rcc.o(.text)
    RCC_HSEConfig                            0x08002835   Thumb Code    70  stm32f10x_rcc.o(.text)
    RCC_GetFlagStatus                        0x0800287b   Thumb Code    56  stm32f10x_rcc.o(.text)
    RCC_WaitForHSEStartUp                    0x080028b3   Thumb Code    56  stm32f10x_rcc.o(.text)
    RCC_AdjustHSICalibrationValue            0x080028eb   Thumb Code    20  stm32f10x_rcc.o(.text)
    RCC_HSICmd                               0x080028ff   Thumb Code     6  stm32f10x_rcc.o(.text)
    RCC_PLLConfig                            0x08002905   Thumb Code    24  stm32f10x_rcc.o(.text)
    RCC_PLLCmd                               0x0800291d   Thumb Code     6  stm32f10x_rcc.o(.text)
    RCC_SYSCLKConfig                         0x08002923   Thumb Code    18  stm32f10x_rcc.o(.text)
    RCC_GetSYSCLKSource                      0x08002935   Thumb Code    10  stm32f10x_rcc.o(.text)
    RCC_HCLKConfig                           0x0800293f   Thumb Code    18  stm32f10x_rcc.o(.text)
    RCC_PCLK1Config                          0x08002951   Thumb Code    18  stm32f10x_rcc.o(.text)
    RCC_PCLK2Config                          0x08002963   Thumb Code    20  stm32f10x_rcc.o(.text)
    RCC_ITConfig                             0x08002977   Thumb Code    26  stm32f10x_rcc.o(.text)
    RCC_USBCLKConfig                         0x08002991   Thumb Code     6  stm32f10x_rcc.o(.text)
    RCC_ADCCLKConfig                         0x08002997   Thumb Code    18  stm32f10x_rcc.o(.text)
    RCC_LSEConfig                            0x080029a9   Thumb Code    44  stm32f10x_rcc.o(.text)
    RCC_LSICmd                               0x080029d5   Thumb Code     6  stm32f10x_rcc.o(.text)
    RCC_RTCCLKConfig                         0x080029db   Thumb Code    12  stm32f10x_rcc.o(.text)
    RCC_RTCCLKCmd                            0x080029e7   Thumb Code     8  stm32f10x_rcc.o(.text)
    RCC_GetClocksFreq                        0x080029ef   Thumb Code   192  stm32f10x_rcc.o(.text)
    RCC_AHBPeriphClockCmd                    0x08002aaf   Thumb Code    26  stm32f10x_rcc.o(.text)
    RCC_APB2PeriphClockCmd                   0x08002ac9   Thumb Code    26  stm32f10x_rcc.o(.text)
    RCC_APB1PeriphClockCmd                   0x08002ae3   Thumb Code    26  stm32f10x_rcc.o(.text)
    RCC_APB2PeriphResetCmd                   0x08002afd   Thumb Code    26  stm32f10x_rcc.o(.text)
    RCC_APB1PeriphResetCmd                   0x08002b17   Thumb Code    26  stm32f10x_rcc.o(.text)
    RCC_BackupResetCmd                       0x08002b31   Thumb Code     8  stm32f10x_rcc.o(.text)
    RCC_ClockSecuritySystemCmd               0x08002b39   Thumb Code     6  stm32f10x_rcc.o(.text)
    RCC_MCOConfig                            0x08002b3f   Thumb Code     6  stm32f10x_rcc.o(.text)
    RCC_ClearFlag                            0x08002b45   Thumb Code    14  stm32f10x_rcc.o(.text)
    RCC_GetITStatus                          0x08002b53   Thumb Code    20  stm32f10x_rcc.o(.text)
    RCC_ClearITPendingBit                    0x08002b67   Thumb Code     6  stm32f10x_rcc.o(.text)
    RCC_Configuration                        0x08002b6d   Thumb Code    96  stm32f10x_rcc.o(.text)
    SPI_I2S_DeInit                           0x08002bf9   Thumb Code    76  stm32f10x_spi.o(.text)
    SPI_Init                                 0x08002c45   Thumb Code    60  stm32f10x_spi.o(.text)
    I2S_Init                                 0x08002c81   Thumb Code   226  stm32f10x_spi.o(.text)
    SPI_StructInit                           0x08002d63   Thumb Code    24  stm32f10x_spi.o(.text)
    I2S_StructInit                           0x08002d7b   Thumb Code    20  stm32f10x_spi.o(.text)
    SPI_Cmd                                  0x08002d8f   Thumb Code    24  stm32f10x_spi.o(.text)
    I2S_Cmd                                  0x08002da7   Thumb Code    24  stm32f10x_spi.o(.text)
    SPI_I2S_ITConfig                         0x08002dbf   Thumb Code    32  stm32f10x_spi.o(.text)
    SPI_I2S_DMACmd                           0x08002ddf   Thumb Code    18  stm32f10x_spi.o(.text)
    SPI_I2S_SendData                         0x08002df1   Thumb Code     4  stm32f10x_spi.o(.text)
    SPI_I2S_ReceiveData                      0x08002df5   Thumb Code     6  stm32f10x_spi.o(.text)
    SPI_NSSInternalSoftwareConfig            0x08002dfb   Thumb Code    30  stm32f10x_spi.o(.text)
    SPI_SSOutputCmd                          0x08002e19   Thumb Code    24  stm32f10x_spi.o(.text)
    SPI_DataSizeConfig                       0x08002e31   Thumb Code    18  stm32f10x_spi.o(.text)
    SPI_TransmitCRC                          0x08002e43   Thumb Code    10  stm32f10x_spi.o(.text)
    SPI_CalculateCRC                         0x08002e4d   Thumb Code    24  stm32f10x_spi.o(.text)
    SPI_GetCRC                               0x08002e65   Thumb Code    16  stm32f10x_spi.o(.text)
    SPI_GetCRCPolynomial                     0x08002e75   Thumb Code     6  stm32f10x_spi.o(.text)
    SPI_BiDirectionalLineConfig              0x08002e7b   Thumb Code    28  stm32f10x_spi.o(.text)
    SPI_I2S_GetFlagStatus                    0x08002e97   Thumb Code    18  stm32f10x_spi.o(.text)
    SPI_I2S_ClearFlag                        0x08002ea9   Thumb Code     6  stm32f10x_spi.o(.text)
    SPI_I2S_GetITStatus                      0x08002eaf   Thumb Code    52  stm32f10x_spi.o(.text)
    SPI_I2S_ClearITPendingBit                0x08002ee3   Thumb Code    20  stm32f10x_spi.o(.text)
    SystemInit                               0x08002fe1   Thumb Code    78  system_stm32f10x.o(.text)
    SystemCoreClockUpdate                    0x0800302f   Thumb Code   142  system_stm32f10x.o(.text)
    NVIC_PriorityGroupConfig                 0x080030e1   Thumb Code    10  misc.o(.text)
    NVIC_Init                                0x080030eb   Thumb Code   102  misc.o(.text)
    NVIC_SetVectorTable                      0x08003151   Thumb Code    14  misc.o(.text)
    NVIC_SystemLPConfig                      0x0800315f   Thumb Code    34  misc.o(.text)
    SysTick_CLKSourceConfig                  0x08003181   Thumb Code    40  misc.o(.text)
    GPIO_DeInit                              0x080031bd   Thumb Code   172  stm32f10x_gpio.o(.text)
    GPIO_AFIODeInit                          0x08003269   Thumb Code    20  stm32f10x_gpio.o(.text)
    GPIO_Init                                0x0800327d   Thumb Code   274  stm32f10x_gpio.o(.text)
    GPIO_StructInit                          0x0800338f   Thumb Code    16  stm32f10x_gpio.o(.text)
    GPIO_ReadInputDataBit                    0x0800339f   Thumb Code    18  stm32f10x_gpio.o(.text)
    GPIO_ReadInputData                       0x080033b1   Thumb Code     8  stm32f10x_gpio.o(.text)
    GPIO_ReadOutputDataBit                   0x080033b9   Thumb Code    18  stm32f10x_gpio.o(.text)
    GPIO_ReadOutputData                      0x080033cb   Thumb Code     8  stm32f10x_gpio.o(.text)
    GPIO_SetBits                             0x080033d3   Thumb Code     4  stm32f10x_gpio.o(.text)
    GPIO_ResetBits                           0x080033d7   Thumb Code     4  stm32f10x_gpio.o(.text)
    GPIO_WriteBit                            0x080033db   Thumb Code    10  stm32f10x_gpio.o(.text)
    GPIO_Write                               0x080033e5   Thumb Code     4  stm32f10x_gpio.o(.text)
    GPIO_PinLockConfig                       0x080033e9   Thumb Code    18  stm32f10x_gpio.o(.text)
    GPIO_EventOutputConfig                   0x080033fb   Thumb Code    26  stm32f10x_gpio.o(.text)
    GPIO_EventOutputCmd                      0x08003415   Thumb Code     6  stm32f10x_gpio.o(.text)
    GPIO_PinRemapConfig                      0x0800341b   Thumb Code   138  stm32f10x_gpio.o(.text)
    GPIO_EXTILineConfig                      0x080034a5   Thumb Code    66  stm32f10x_gpio.o(.text)
    GPIO_ETH_MediaInterfaceConfig            0x080034e7   Thumb Code     6  stm32f10x_gpio.o(.text)
    USART_DeInit                             0x08003515   Thumb Code   134  stm32f10x_usart.o(.text)
    USART_Init                               0x0800359b   Thumb Code   210  stm32f10x_usart.o(.text)
    USART_StructInit                         0x0800366d   Thumb Code    24  stm32f10x_usart.o(.text)
    USART_ClockInit                          0x08003685   Thumb Code    34  stm32f10x_usart.o(.text)
    USART_ClockStructInit                    0x080036a7   Thumb Code    12  stm32f10x_usart.o(.text)
    USART_Cmd                                0x080036b3   Thumb Code    24  stm32f10x_usart.o(.text)
    USART_ITConfig                           0x080036cb   Thumb Code    74  stm32f10x_usart.o(.text)
    USART_DMACmd                             0x08003715   Thumb Code    18  stm32f10x_usart.o(.text)
    USART_SetAddress                         0x08003727   Thumb Code    18  stm32f10x_usart.o(.text)
    USART_WakeUpConfig                       0x08003739   Thumb Code    18  stm32f10x_usart.o(.text)
    USART_ReceiverWakeUpCmd                  0x0800374b   Thumb Code    24  stm32f10x_usart.o(.text)
    USART_LINBreakDetectLengthConfig         0x08003763   Thumb Code    18  stm32f10x_usart.o(.text)
    USART_LINCmd                             0x08003775   Thumb Code    24  stm32f10x_usart.o(.text)
    USART_SendData                           0x0800378d   Thumb Code     8  stm32f10x_usart.o(.text)
    USART_ReceiveData                        0x08003795   Thumb Code    10  stm32f10x_usart.o(.text)
    USART_SendBreak                          0x0800379f   Thumb Code    10  stm32f10x_usart.o(.text)
    USART_SetGuardTime                       0x080037a9   Thumb Code    16  stm32f10x_usart.o(.text)
    USART_SetPrescaler                       0x080037b9   Thumb Code    16  stm32f10x_usart.o(.text)
    USART_SmartCardCmd                       0x080037c9   Thumb Code    24  stm32f10x_usart.o(.text)
    USART_SmartCardNACKCmd                   0x080037e1   Thumb Code    24  stm32f10x_usart.o(.text)
    USART_HalfDuplexCmd                      0x080037f9   Thumb Code    24  stm32f10x_usart.o(.text)
    USART_OverSampling8Cmd                   0x08003811   Thumb Code    22  stm32f10x_usart.o(.text)
    USART_OneBitMethodCmd                    0x08003827   Thumb Code    24  stm32f10x_usart.o(.text)
    USART_IrDAConfig                         0x0800383f   Thumb Code    18  stm32f10x_usart.o(.text)
    USART_IrDACmd                            0x08003851   Thumb Code    24  stm32f10x_usart.o(.text)
    USART_GetFlagStatus                      0x08003869   Thumb Code    26  stm32f10x_usart.o(.text)
    USART_ClearFlag                          0x08003883   Thumb Code    18  stm32f10x_usart.o(.text)
    USART_GetITStatus                        0x08003895   Thumb Code    84  stm32f10x_usart.o(.text)
    USART_ClearITPendingBit                  0x080038e9   Thumb Code    52  stm32f10x_usart.o(.text)
    __2sprintf                               0x0800391d   Thumb Code    34  noretval__2sprintf.o(.text)
    _printf_pre_padding                      0x08003945   Thumb Code    46  _printf_pad.o(.text)
    _printf_post_padding                     0x08003973   Thumb Code    36  _printf_pad.o(.text)
    __printf                                 0x08003997   Thumb Code   270  __printf_wp.o(.text)
    __aeabi_memclr                           0x08003aa5   Thumb Code     0  rt_memclr.o(.text)
    __rt_memclr                              0x08003aa5   Thumb Code    68  rt_memclr.o(.text)
    _memset                                  0x08003aa9   Thumb Code     0  rt_memclr.o(.text)
    __use_two_region_memory                  0x08003ae9   Thumb Code     2  heapauxi.o(.text)
    __rt_heap_escrow$2region                 0x08003aeb   Thumb Code     2  heapauxi.o(.text)
    __rt_heap_expand$2region                 0x08003aed   Thumb Code     2  heapauxi.o(.text)
    __read_errno                             0x08003aef   Thumb Code    10  _rserrno.o(.text)
    __set_errno                              0x08003af9   Thumb Code    12  _rserrno.o(.text)
    __lib_sel_fp_printf                      0x08003b05   Thumb Code     2  _printf_fp_dec.o(.text)
    _printf_fp_dec_real                      0x08003cb1   Thumb Code   628  _printf_fp_dec.o(.text)
    _printf_char_common                      0x08003f2f   Thumb Code    32  _printf_char_common.o(.text)
    _sputc                                   0x08003f55   Thumb Code    10  _sputc.o(.text)
    __aeabi_memclr4                          0x08003f5f   Thumb Code     0  rt_memclr_w.o(.text)
    __aeabi_memclr8                          0x08003f5f   Thumb Code     0  rt_memclr_w.o(.text)
    __rt_memclr_w                            0x08003f5f   Thumb Code    78  rt_memclr_w.o(.text)
    _memset_w                                0x08003f63   Thumb Code     0  rt_memclr_w.o(.text)
    __rt_locale                              0x08003fad   Thumb Code     8  rt_locale_intlibspace.o(.text)
    __aeabi_errno_addr                       0x08003fb5   Thumb Code     8  rt_errno_addr_intlibspace.o(.text)
    __errno$intlibspace                      0x08003fb5   Thumb Code     0  rt_errno_addr_intlibspace.o(.text)
    __rt_errno_addr$intlibspace              0x08003fb5   Thumb Code     0  rt_errno_addr_intlibspace.o(.text)
    _ll_udiv10                               0x08003fbd   Thumb Code   138  lludiv10.o(.text)
    _printf_fp_infnan                        0x08004049   Thumb Code   112  _printf_fp_infnan.o(.text)
    _btod_etento                             0x080040c9   Thumb Code   222  bigflt0.o(.text)
    __user_libspace                          0x080041ad   Thumb Code     8  libspace.o(.text)
    __user_perproc_libspace                  0x080041ad   Thumb Code     0  libspace.o(.text)
    __user_perthread_libspace                0x080041ad   Thumb Code     0  libspace.o(.text)
    __user_setup_stackheap                   0x080041b5   Thumb Code    74  sys_stackheap_outer.o(.text)
    exit                                     0x080041ff   Thumb Code    12  exit.o(.text)
    strcmp                                   0x0800420d   Thumb Code   128  strcmpv7m.o(.text)
    _sys_exit                                0x0800428d   Thumb Code     8  sys_exit.o(.text)
    __I$use$semihosting                      0x08004299   Thumb Code     0  use_no_semi.o(.text)
    __use_no_semihosting_swi                 0x08004299   Thumb Code     2  use_no_semi.o(.text)
    __semihosting_library_function           0x0800429b   Thumb Code     0  indicate_semi.o(.text)
    _btod_d2e                                0x0800429b   Thumb Code    62  btod.o(CL$$btod_d2e)
    _d2e_denorm_low                          0x080042d9   Thumb Code    70  btod.o(CL$$btod_d2e_denorm_low)
    _d2e_norm_op1                            0x0800431f   Thumb Code    96  btod.o(CL$$btod_d2e_norm_op1)
    __btod_div_common                        0x0800437f   Thumb Code   696  btod.o(CL$$btod_div_common)
    _e2e                                     0x080046b7   Thumb Code   198  btod.o(CL$$btod_e2e)
    _btod_ediv                               0x0800477d   Thumb Code    40  btod.o(CL$$btod_ediv)
    _btod_emul                               0x080047a5   Thumb Code    40  btod.o(CL$$btod_emul)
    __btod_mult_common                       0x080047cd   Thumb Code   580  btod.o(CL$$btod_mult_common)
    __ARM_fpclassify                         0x08004a11   Thumb Code    40  fpclassify.o(i.__ARM_fpclassify)
    __ieee754_rem_pio2                       0x08004a39   Thumb Code   832  rred.o(i.__ieee754_rem_pio2)
    __kernel_cos                             0x08004dc1   Thumb Code   230  cos_i.o(i.__kernel_cos)
    __kernel_poly                            0x08004ebd   Thumb Code   170  poly.o(i.__kernel_poly)
    __kernel_sin                             0x08004f69   Thumb Code   224  sin_i.o(i.__kernel_sin)
    __mathlib_dbl_underflow                  0x08005055   Thumb Code    10  dunder.o(i.__mathlib_dbl_underflow)
    _is_digit                                0x08005065   Thumb Code    14  __printf_wp.o(i._is_digit)
    cos                                      0x08005075   Thumb Code   164  cos.o(i.cos)
    sin                                      0x08005121   Thumb Code   166  sin.o(i.sin)
    sqrt                                     0x080051d1   Thumb Code    76  sqrt.o(i.sqrt)
    _get_lc_numeric                          0x0800521d   Thumb Code    44  lc_numeric_c.o(locale$$code)
    __aeabi_d2f                              0x08005249   Thumb Code     0  d2f.o(x$fpl$d2f)
    _d2f                                     0x08005249   Thumb Code    98  d2f.o(x$fpl$d2f)
    __aeabi_dadd                             0x080052ad   Thumb Code     0  daddsub_clz.o(x$fpl$dadd)
    _dadd                                    0x080052ad   Thumb Code   332  daddsub_clz.o(x$fpl$dadd)
    __fpl_dcheck_NaN1                        0x080053fd   Thumb Code    10  dcheck1.o(x$fpl$dcheck1)
    __aeabi_ddiv                             0x0800540d   Thumb Code     0  ddiv.o(x$fpl$ddiv)
    _ddiv                                    0x0800540d   Thumb Code   552  ddiv.o(x$fpl$ddiv)
    __aeabi_d2iz                             0x080056bd   Thumb Code     0  dfix.o(x$fpl$dfix)
    _dfix                                    0x080056bd   Thumb Code    94  dfix.o(x$fpl$dfix)
    __aeabi_i2d                              0x0800571b   Thumb Code     0  dflt_clz.o(x$fpl$dflt)
    _dflt                                    0x0800571b   Thumb Code    46  dflt_clz.o(x$fpl$dflt)
    __aeabi_ui2d                             0x08005749   Thumb Code     0  dflt_clz.o(x$fpl$dfltu)
    _dfltu                                   0x08005749   Thumb Code    38  dflt_clz.o(x$fpl$dfltu)
    __aeabi_dmul                             0x08005771   Thumb Code     0  dmul.o(x$fpl$dmul)
    _dmul                                    0x08005771   Thumb Code   332  dmul.o(x$fpl$dmul)
    __fpl_dnaninf                            0x080058c5   Thumb Code   156  dnaninf.o(x$fpl$dnaninf)
    __fpl_dretinf                            0x08005961   Thumb Code    12  dretinf.o(x$fpl$dretinf)
    __aeabi_drsub                            0x0800596d   Thumb Code     0  daddsub_clz.o(x$fpl$drsb)
    _drsb                                    0x0800596d   Thumb Code    22  daddsub_clz.o(x$fpl$drsb)
    _dsqrt                                   0x08005985   Thumb Code   456  dsqrt_noumaal.o(x$fpl$dsqrt)
    __aeabi_dsub                             0x08005b51   Thumb Code     0  daddsub_clz.o(x$fpl$dsub)
    _dsub                                    0x08005b51   Thumb Code   464  daddsub_clz.o(x$fpl$dsub)
    __aeabi_f2d                              0x08005d25   Thumb Code     0  f2d.o(x$fpl$f2d)
    _f2d                                     0x08005d25   Thumb Code    86  f2d.o(x$fpl$f2d)
    __aeabi_fadd                             0x08005d7d   Thumb Code     0  faddsub_clz.o(x$fpl$fadd)
    _fadd                                    0x08005d7d   Thumb Code   196  faddsub_clz.o(x$fpl$fadd)
    __aeabi_f2uiz                            0x08005e41   Thumb Code     0  ffixu.o(x$fpl$ffixu)
    _ffixu                                   0x08005e41   Thumb Code    62  ffixu.o(x$fpl$ffixu)
    __fpl_fnaninf                            0x08005e7f   Thumb Code   140  fnaninf.o(x$fpl$fnaninf)
    __fpl_fretinf                            0x08005f0b   Thumb Code    10  fretinf.o(x$fpl$fretinf)
    __aeabi_fsub                             0x08005f15   Thumb Code     0  faddsub_clz.o(x$fpl$fsub)
    _fsub                                    0x08005f15   Thumb Code   234  faddsub_clz.o(x$fpl$fsub)
    _printf_fp_dec                           0x08005fff   Thumb Code     4  printf1.o(x$fpl$printf1)
    __fpl_return_NaN                         0x08006003   Thumb Code   100  retnan.o(x$fpl$retnan)
    __ARM_scalbn                             0x08006067   Thumb Code    92  scalbn.o(x$fpl$scalbn)
    __fpl_cmpreturn                          0x080060c3   Thumb Code    48  trapv.o(x$fpl$trapveneer)
    __I$use$fp                               0x080060f2   Number         0  usenofp.o(x$fpl$usenofp)
    hz2                                      0x080060f2   Data         936  1335.o(.constdata)
    BitWriteTab                              0x0800649a   Data           8  1335.o(.constdata)
    Region$$Table$$Base                      0x0800665c   Number         0  anon$$obj.o(Region$$Table)
    Region$$Table$$Limit                     0x0800667c   Number         0  anon$$obj.o(Region$$Table)
    g_ulSystemCounter                        0x20000018   Data           4  driversystick.o(.data)
    biaozi                                   0x2000001c   Data         360  1335.o(.data)
    num                                      0x20000184   Data        1568  1335.o(.data)
    hz1                                      0x200007a4   Data         192  1335.o(.data)
    ScreenStartAddress                       0x20000864   Data           2  1335.o(.data)
    value                                    0x20000868   Data           4  1335.o(.data)
    stSPIvalue                               0x2000086c   Data           6  driverextline.o(.data)
    v_test1                                  0x20000878   Data           4  gui.o(.data)
    g_pstCurTask                             0x2000087c   Data           4  mytask .o(.data)
    g_pstHighTask                            0x20000880   Data           4  mytask .o(.data)
    g_sySleepFlag                            0x20000884   Data           4  mytask .o(.data)
    g_syInterruptNest                        0x20000888   Data           4  mytask .o(.data)
    g_ulTaskGroup                            0x2000088c   Data           4  mytask .o(.data)
    t_ulSleepCount                           0x20000890   Data           4  mytask .o(.data)
    SystemCoreClock                          0x200008ac   Data           4  system_stm32f10x.o(.data)
    AHBPrescTable                            0x200008b0   Data          16  system_stm32f10x.o(.data)
    TabString                                0x200008c0   Data          10  main.o(.bss)
    g_stVlue                                 0x200008cc   Data          56  main.o(.bss)
    T7606Mail                                0x20000928   Data          24  driversystick.o(.bss)
    stAd7606                                 0x20000940   Data        6400  ad7606.o(.bss)
    stAD7606Data                             0x20002240   Data        6400  ad7606.o(.bss)
    __libspace_start                         0x20003b40   Data          96  libspace.o(.bss)
    __temporary_stack_top$libspace           0x20003ba0   Data           0  libspace.o(.bss)



==============================================================================

Memory Map of the image

  Image Entry point : 0x08000131

  Load Region LR_IROM1 (Base: 0x08000000, Size: 0x00006f58, Max: 0x00080000, ABSOLUTE, COMPRESSED[0x00006b4c])

    Execution Region ER_IROM1 (Base: 0x08000000, Size: 0x00006698, Max: 0x00080000, ABSOLUTE)

    Base Addr    Size         Type   Attr      Idx    E Section Name        Object

    0x08000000   0x00000130   Data   RO           17    RESET               startup_stm32f10x_hd.o
    0x08000130   0x00000008   Code   RO          737  * !!!main             c_w.l(__main.o)
    0x08000138   0x00000034   Code   RO         1057    !!!scatter          c_w.l(__scatter.o)
    0x0800016c   0x0000005a   Code   RO         1055    !!dczerorl2         c_w.l(__dczerorl2.o)
    0x080001c6   0x00000002   PAD
    0x080001c8   0x0000001c   Code   RO         1059    !!handler_zi        c_w.l(__scatter_zi.o)
    0x080001e4   0x00000000   Code   RO          732    .ARM.Collect$$_printf_percent$$00000000  c_w.l(_printf_percent.o)
    0x080001e4   0x00000006   Code   RO          731    .ARM.Collect$$_printf_percent$$00000003  c_w.l(_printf_f.o)
    0x080001ea   0x00000004   Code   RO          806    .ARM.Collect$$_printf_percent$$00000017  c_w.l(_printf_percent_end.o)
    0x080001ee   0x00000002   Code   RO          927    .ARM.Collect$$libinit$$00000000  c_w.l(libinit.o)
    0x080001f0   0x00000000   Code   RO          929    .ARM.Collect$$libinit$$00000002  c_w.l(libinit2.o)
    0x080001f0   0x00000000   Code   RO          932    .ARM.Collect$$libinit$$00000008  c_w.l(libinit2.o)
    0x080001f0   0x00000000   Code   RO          934    .ARM.Collect$$libinit$$0000000A  c_w.l(libinit2.o)
    0x080001f0   0x00000000   Code   RO          936    .ARM.Collect$$libinit$$0000000C  c_w.l(libinit2.o)
    0x080001f0   0x00000006   Code   RO          937    .ARM.Collect$$libinit$$0000000D  c_w.l(libinit2.o)
    0x080001f6   0x00000000   Code   RO          939    .ARM.Collect$$libinit$$0000000F  c_w.l(libinit2.o)
    0x080001f6   0x00000000   Code   RO          941    .ARM.Collect$$libinit$$00000011  c_w.l(libinit2.o)
    0x080001f6   0x00000000   Code   RO          943    .ARM.Collect$$libinit$$00000013  c_w.l(libinit2.o)
    0x080001f6   0x0000000a   Code   RO          944    .ARM.Collect$$libinit$$00000014  c_w.l(libinit2.o)
    0x08000200   0x00000000   Code   RO          945    .ARM.Collect$$libinit$$00000015  c_w.l(libinit2.o)
    0x08000200   0x00000000   Code   RO          947    .ARM.Collect$$libinit$$00000017  c_w.l(libinit2.o)
    0x08000200   0x00000000   Code   RO          949    .ARM.Collect$$libinit$$00000019  c_w.l(libinit2.o)
    0x08000200   0x00000000   Code   RO          951    .ARM.Collect$$libinit$$0000001B  c_w.l(libinit2.o)
    0x08000200   0x00000000   Code   RO          953    .ARM.Collect$$libinit$$0000001D  c_w.l(libinit2.o)
    0x08000200   0x00000000   Code   RO          955    .ARM.Collect$$libinit$$0000001F  c_w.l(libinit2.o)
    0x08000200   0x00000000   Code   RO          957    .ARM.Collect$$libinit$$00000021  c_w.l(libinit2.o)
    0x08000200   0x00000000   Code   RO          959    .ARM.Collect$$libinit$$00000023  c_w.l(libinit2.o)
    0x08000200   0x00000000   Code   RO          963    .ARM.Collect$$libinit$$0000002A  c_w.l(libinit2.o)
    0x08000200   0x00000000   Code   RO          965    .ARM.Collect$$libinit$$0000002C  c_w.l(libinit2.o)
    0x08000200   0x00000000   Code   RO          967    .ARM.Collect$$libinit$$0000002E  c_w.l(libinit2.o)
    0x08000200   0x00000000   Code   RO          969    .ARM.Collect$$libinit$$00000030  c_w.l(libinit2.o)
    0x08000200   0x00000002   Code   RO          970    .ARM.Collect$$libinit$$00000031  c_w.l(libinit2.o)
    0x08000202   0x00000002   Code   RO         1004    .ARM.Collect$$libshutdown$$00000000  c_w.l(libshutdown.o)
    0x08000204   0x00000000   Code   RO         1016    .ARM.Collect$$libshutdown$$00000003  c_w.l(libshutdown2.o)
    0x08000204   0x00000000   Code   RO         1019    .ARM.Collect$$libshutdown$$00000006  c_w.l(libshutdown2.o)
    0x08000204   0x00000000   Code   RO         1022    .ARM.Collect$$libshutdown$$00000009  c_w.l(libshutdown2.o)
    0x08000204   0x00000000   Code   RO         1024    .ARM.Collect$$libshutdown$$0000000B  c_w.l(libshutdown2.o)
    0x08000204   0x00000000   Code   RO         1027    .ARM.Collect$$libshutdown$$0000000E  c_w.l(libshutdown2.o)
    0x08000204   0x00000002   Code   RO         1028    .ARM.Collect$$libshutdown$$0000000F  c_w.l(libshutdown2.o)
    0x08000206   0x00000000   Code   RO          797    .ARM.Collect$$rtentry$$00000000  c_w.l(rtentry.o)
    0x08000206   0x00000000   Code   RO          839    .ARM.Collect$$rtentry$$00000002  c_w.l(rtentry2.o)
    0x08000206   0x00000006   Code   RO          851    .ARM.Collect$$rtentry$$00000004  c_w.l(rtentry4.o)
    0x0800020c   0x00000000   Code   RO          841    .ARM.Collect$$rtentry$$00000009  c_w.l(rtentry2.o)
    0x0800020c   0x00000004   Code   RO          842    .ARM.Collect$$rtentry$$0000000A  c_w.l(rtentry2.o)
    0x08000210   0x00000000   Code   RO          844    .ARM.Collect$$rtentry$$0000000C  c_w.l(rtentry2.o)
    0x08000210   0x00000008   Code   RO          845    .ARM.Collect$$rtentry$$0000000D  c_w.l(rtentry2.o)
    0x08000218   0x00000002   Code   RO          973    .ARM.Collect$$rtexit$$00000000  c_w.l(rtexit.o)
    0x0800021a   0x00000000   Code   RO          982    .ARM.Collect$$rtexit$$00000002  c_w.l(rtexit2.o)
    0x0800021a   0x00000004   Code   RO          983    .ARM.Collect$$rtexit$$00000003  c_w.l(rtexit2.o)
    0x0800021e   0x00000006   Code   RO          984    .ARM.Collect$$rtexit$$00000004  c_w.l(rtexit2.o)
    0x08000224   0x00000006   Code   RO          217    .emb_text           ad7606.o
    0x0800022a   0x00000002   PAD
    0x0800022c   0x00000004   Code   RO          242    .emb_text           1335.o
    0x08000230   0x00000038   Code   RO           18    .text               startup_stm32f10x_hd.o
    0x08000268   0x00000190   Code   RO           23    .text               main.o
    0x080003f8   0x000000dc   Code   RO          103    .text               delay.o
    0x080004d4   0x0000001c   Code   RO          123    .text               powermachinefault.o
    0x080004f0   0x000004ec   Code   RO          150    .text               monitoring.o
    0x080009dc   0x00000034   Code   RO          171    .text               driverit.o
    0x08000a10   0x00000090   Code   RO          188    .text               driversystick.o
    0x08000aa0   0x0000014c   Code   RO          218    .text               ad7606.o
    0x08000bec   0x00000e4c   Code   RO          243    .text               1335.o
    0x08001a38   0x000000c8   Code   RO          284    .text               da7545.o
    0x08001b00   0x00000194   Code   RO          296    .text               driverusart4.o
    0x08001c94   0x000000a8   Code   RO          316    .text               pga204.o
    0x08001d3c   0x00000228   Code   RO          331    .text               driverspi.o
    0x08001f64   0x000002ac   Code   RO          346    .text               driverextline.o
    0x08002210   0x00000380   Code   RO          371    .text               gui.o
    0x08002590   0x00000030   Code   RO          405    .text               led.o
    0x080025c0   0x0000007c   Code   RO          417    .text               cpu.o
    0x0800263c   0x0000009a   Code   RO          497    .text               stm32f10x_systick.o
    0x080026d6   0x00000002   PAD
    0x080026d8   0x0000011c   Code   RO          557    .text               stm32f10x_exti.o
    0x080027f4   0x00000404   Code   RO          569    .text               stm32f10x_rcc.o
    0x08002bf8   0x0000030c   Code   RO          583    .text               stm32f10x_spi.o
    0x08002f04   0x000001dc   Code   RO          622    .text               system_stm32f10x.o
    0x080030e0   0x000000dc   Code   RO          640    .text               misc.o
    0x080031bc   0x00000358   Code   RO          652    .text               stm32f10x_gpio.o
    0x08003514   0x00000408   Code   RO          664    .text               stm32f10x_usart.o
    0x0800391c   0x00000028   Code   RO          705    .text               c_w.l(noretval__2sprintf.o)
    0x08003944   0x00000052   Code   RO          709    .text               c_w.l(_printf_pad.o)
    0x08003996   0x0000010e   Code   RO          719    .text               c_w.l(__printf_wp.o)
    0x08003aa4   0x00000044   Code   RO          733    .text               c_w.l(rt_memclr.o)
    0x08003ae8   0x00000006   Code   RO          735    .text               c_w.l(heapauxi.o)
    0x08003aee   0x00000016   Code   RO          798    .text               c_w.l(_rserrno.o)
    0x08003b04   0x00000420   Code   RO          800    .text               c_w.l(_printf_fp_dec.o)
    0x08003f24   0x00000030   Code   RO          802    .text               c_w.l(_printf_char_common.o)
    0x08003f54   0x0000000a   Code   RO          804    .text               c_w.l(_sputc.o)
    0x08003f5e   0x0000004e   Code   RO          807    .text               c_w.l(rt_memclr_w.o)
    0x08003fac   0x00000008   Code   RO          856    .text               c_w.l(rt_locale_intlibspace.o)
    0x08003fb4   0x00000008   Code   RO          861    .text               c_w.l(rt_errno_addr_intlibspace.o)
    0x08003fbc   0x0000008a   Code   RO          863    .text               c_w.l(lludiv10.o)
    0x08004046   0x00000002   PAD
    0x08004048   0x00000080   Code   RO          865    .text               c_w.l(_printf_fp_infnan.o)
    0x080040c8   0x000000e4   Code   RO          869    .text               c_w.l(bigflt0.o)
    0x080041ac   0x00000008   Code   RO          913    .text               c_w.l(libspace.o)
    0x080041b4   0x0000004a   Code   RO          916    .text               c_w.l(sys_stackheap_outer.o)
    0x080041fe   0x0000000c   Code   RO          918    .text               c_w.l(exit.o)
    0x0800420a   0x00000002   PAD
    0x0800420c   0x00000080   Code   RO          920    .text               c_w.l(strcmpv7m.o)
    0x0800428c   0x0000000c   Code   RO          994    .text               c_w.l(sys_exit.o)
    0x08004298   0x00000002   Code   RO         1005    .text               c_w.l(use_no_semi.o)
    0x0800429a   0x00000000   Code   RO         1007    .text               c_w.l(indicate_semi.o)
    0x0800429a   0x0000003e   Code   RO          872    CL$$btod_d2e        c_w.l(btod.o)
    0x080042d8   0x00000046   Code   RO          874    CL$$btod_d2e_denorm_low  c_w.l(btod.o)
    0x0800431e   0x00000060   Code   RO          873    CL$$btod_d2e_norm_op1  c_w.l(btod.o)
    0x0800437e   0x00000338   Code   RO          882    CL$$btod_div_common  c_w.l(btod.o)
    0x080046b6   0x000000c6   Code   RO          879    CL$$btod_e2e        c_w.l(btod.o)
    0x0800477c   0x00000028   Code   RO          876    CL$$btod_ediv       c_w.l(btod.o)
    0x080047a4   0x00000028   Code   RO          875    CL$$btod_emul       c_w.l(btod.o)
    0x080047cc   0x00000244   Code   RO          881    CL$$btod_mult_common  c_w.l(btod.o)
    0x08004a10   0x00000028   Code   RO          909    i.__ARM_fpclassify  m_ws.l(fpclassify.o)
    0x08004a38   0x00000388   Code   RO          827    i.__ieee754_rem_pio2  m_ws.l(rred.o)
    0x08004dc0   0x000000fc   Code   RO          824    i.__kernel_cos      m_ws.l(cos_i.o)
    0x08004ebc   0x000000aa   Code   RO          911    i.__kernel_poly     m_ws.l(poly.o)
    0x08004f66   0x00000002   PAD
    0x08004f68   0x000000ec   Code   RO          832    i.__kernel_sin      m_ws.l(sin_i.o)
    0x08005054   0x00000010   Code   RO          907    i.__mathlib_dbl_underflow  m_ws.l(dunder.o)
    0x08005064   0x0000000e   Code   RO          721    i._is_digit         c_w.l(__printf_wp.o)
    0x08005072   0x00000002   PAD
    0x08005074   0x000000ac   Code   RO          774    i.cos               m_ws.l(cos.o)
    0x08005120   0x000000b0   Code   RO          782    i.sin               m_ws.l(sin.o)
    0x080051d0   0x0000004c   Code   RO          790    i.sqrt              m_ws.l(sqrt.o)
    0x0800521c   0x0000002c   Code   RO          895    locale$$code        c_w.l(lc_numeric_c.o)
    0x08005248   0x00000062   Code   RO          739    x$fpl$d2f           fz_ws.l(d2f.o)
    0x080052aa   0x00000002   PAD
    0x080052ac   0x00000150   Code   RO          741    x$fpl$dadd          fz_ws.l(daddsub_clz.o)
    0x080053fc   0x00000010   Code   RO          897    x$fpl$dcheck1       fz_ws.l(dcheck1.o)
    0x0800540c   0x000002b0   Code   RO          748    x$fpl$ddiv          fz_ws.l(ddiv.o)
    0x080056bc   0x0000005e   Code   RO          901    x$fpl$dfix          fz_ws.l(dfix.o)
    0x0800571a   0x0000002e   Code   RO          752    x$fpl$dflt          fz_ws.l(dflt_clz.o)
    0x08005748   0x00000026   Code   RO          751    x$fpl$dfltu         fz_ws.l(dflt_clz.o)
    0x0800576e   0x00000002   PAD
    0x08005770   0x00000154   Code   RO          757    x$fpl$dmul          fz_ws.l(dmul.o)
    0x080058c4   0x0000009c   Code   RO          811    x$fpl$dnaninf       fz_ws.l(dnaninf.o)
    0x08005960   0x0000000c   Code   RO          813    x$fpl$dretinf       fz_ws.l(dretinf.o)
    0x0800596c   0x00000016   Code   RO          742    x$fpl$drsb          fz_ws.l(daddsub_clz.o)
    0x08005982   0x00000002   PAD
    0x08005984   0x000001cc   Code   RO          815    x$fpl$dsqrt         fz_ws.l(dsqrt_noumaal.o)
    0x08005b50   0x000001d4   Code   RO          743    x$fpl$dsub          fz_ws.l(daddsub_clz.o)
    0x08005d24   0x00000056   Code   RO          759    x$fpl$f2d           fz_ws.l(f2d.o)
    0x08005d7a   0x00000002   PAD
    0x08005d7c   0x000000c4   Code   RO          761    x$fpl$fadd          fz_ws.l(faddsub_clz.o)
    0x08005e40   0x0000003e   Code   RO          767    x$fpl$ffixu         fz_ws.l(ffixu.o)
    0x08005e7e   0x0000008c   Code   RO          817    x$fpl$fnaninf       fz_ws.l(fnaninf.o)
    0x08005f0a   0x0000000a   Code   RO          819    x$fpl$fretinf       fz_ws.l(fretinf.o)
    0x08005f14   0x000000ea   Code   RO          763    x$fpl$fsub          fz_ws.l(faddsub_clz.o)
    0x08005ffe   0x00000004   Code   RO          771    x$fpl$printf1       fz_ws.l(printf1.o)
    0x08006002   0x00000064   Code   RO          971    x$fpl$retnan        fz_ws.l(retnan.o)
    0x08006066   0x0000005c   Code   RO          821    x$fpl$scalbn        fz_ws.l(scalbn.o)
    0x080060c2   0x00000030   Code   RO          979    x$fpl$trapveneer    fz_ws.l(trapv.o)
    0x080060f2   0x00000000   Code   RO          823    x$fpl$usenofp       fz_ws.l(usenofp.o)
    0x080060f2   0x000003b0   Data   RO          244    .constdata          1335.o
    0x080064a2   0x00000006   PAD
    0x080064a8   0x00000030   Data   RO          825    .constdata          m_ws.l(cos_i.o)
    0x080064d8   0x000000c8   Data   RO          829    .constdata          m_ws.l(rred.o)
    0x080065a0   0x00000028   Data   RO          833    .constdata          m_ws.l(sin_i.o)
    0x080065c8   0x00000094   Data   RO          870    .constdata          c_w.l(bigflt0.o)
    0x0800665c   0x00000020   Data   RO         1053    Region$$Table       anon$$obj.o
    0x0800667c   0x0000001c   Data   RO          894    locale$$data        c_w.l(lc_numeric_c.o)


    Execution Region RW_IRAM1 (Base: 0x20000000, Size: 0x000041a0, Max: 0x00010000, ABSOLUTE, COMPRESSED[0x000004b4])

    Base Addr    Size         Type   Attr      Idx    E Section Name        Object

    0x20000000   0x00000004   Data   RW          104    .data               delay.o
    0x20000004   0x00000004   PAD
    0x20000008   0x00000010   Data   RW          151    .data               monitoring.o
    0x20000018   0x00000004   Data   RW          190    .data               driversystick.o
    0x2000001c   0x00000850   Data   RW          245    .data               1335.o
    0x2000086c   0x00000006   Data   RW          347    .data               driverextline.o
    0x20000872   0x00000002   PAD
    0x20000874   0x00000008   Data   RW          372    .data               gui.o
    0x2000087c   0x0000001c   Data   RW          423    .data               mytask .o
    0x20000898   0x00000014   Data   RW          570    .data               stm32f10x_rcc.o
    0x200008ac   0x00000014   Data   RW          623    .data               system_stm32f10x.o
    0x200008c0   0x00000044   Zero   RW           24    .bss                main.o
    0x20000904   0x00000024   Zero   RW          172    .bss                driverit.o
    0x20000928   0x00000018   Zero   RW          189    .bss                driversystick.o
    0x20000940   0x00003200   Zero   RW          219    .bss                ad7606.o
    0x20003b40   0x00000060   Zero   RW          914    .bss                c_w.l(libspace.o)
    0x20003ba0   0x00000200   Zero   RW           16    HEAP                startup_stm32f10x_hd.o
    0x20003da0   0x00000400   Zero   RW           15    STACK               startup_stm32f10x_hd.o


==============================================================================

Image component sizes


      Code (inc. data)   RO Data    RW Data    ZI Data      Debug   Object Name

      3664        102        944       2128          0       8617   1335.o
       338         22          0          0      12800       1280   ad7606.o
         0          0          0          0          0       1444   config.o
       124         16          0          0          0        192   cpu.o
       200         14          0          0          0        710   da7545.o
       220         18          0          4          0       1041   delay.o
       684         18          0          6          0       2092   driverextline.o
        52          4          0          0         36       1698   driverit.o
       552          8          0          0          0       1981   driverspi.o
       144         14          0          4         24       1121   driversystick.o
       404         18          0          0          0       1351   driverusart4.o
       896         16          0          8          0       2348   gui.o
        48          4          0          0          0        387   led.o
       400         20          0          0         68     232791   main.o
       220         20          0          0          0       1641   misc.o
      1260         76          0         16          0       1753   monitoring.o
         0          0          0         28          0       2122   mytask .o
       168         10          0          0          0        622   pga204.o
        28          0          0          0          0      10771   powermachinefault.o
        56         22        304          0       1536        744   startup_stm32f10x_hd.o
       284         10          0          0          0       2075   stm32f10x_exti.o
       856         40          0          0          0       5489   stm32f10x_gpio.o
      1028         44          0         20          0       8806   stm32f10x_rcc.o
       780         14          0          0          0       6366   stm32f10x_spi.o
       154          0          0          0          0       1341   stm32f10x_systick.o
      1032         22          0          0          0       8212   stm32f10x_usart.o
       476         36          0         20          0       1627   system_stm32f10x.o

    ----------------------------------------------------------------------
     14072        568       1286       2240      14464     308622   Object Totals
         0          0         32          0          0          0   (incl. Generated)
         4          0          6          6          0          0   (incl. Padding)

    ----------------------------------------------------------------------

      Code (inc. data)   RO Data    RW Data    ZI Data      Debug   Library Member Name

        90          0          0          0          0          0   __dczerorl2.o
         8          0          0          0          0         68   __main.o
       284          0          0          0          0        156   __printf_wp.o
        52          8          0          0          0          0   __scatter.o
        28          0          0          0          0          0   __scatter_zi.o
        48          6          0          0          0         96   _printf_char_common.o
         6          0          0          0          0          0   _printf_f.o
      1056          0          0          0          0        216   _printf_fp_dec.o
       128         16          0          0          0         84   _printf_fp_infnan.o
        82          0          0          0          0        108   _printf_pad.o
         0          0          0          0          0          0   _printf_percent.o
         4          0          0          0          0          0   _printf_percent_end.o
        22          0          0          0          0        100   _rserrno.o
        10          0          0          0          0         68   _sputc.o
       228          6        148          0          0         96   bigflt0.o
      1910        128          0          0          0        672   btod.o
        12          0          0          0          0         72   exit.o
         6          0          0          0          0        152   heapauxi.o
         0          0          0          0          0          0   indicate_semi.o
        44         10         28          0          0         76   lc_numeric_c.o
         2          0          0          0          0          0   libinit.o
        18          0          0          0          0          0   libinit2.o
         2          0          0          0          0          0   libshutdown.o
         2          0          0          0          0          0   libshutdown2.o
         8          4          0          0         96         68   libspace.o
       138          0          0          0          0         80   lludiv10.o
        40          6          0          0          0         84   noretval__2sprintf.o
         8          4          0          0          0         68   rt_errno_addr_intlibspace.o
         8          4          0          0          0         68   rt_locale_intlibspace.o
        68          0          0          0          0         68   rt_memclr.o
        78          0          0          0          0         80   rt_memclr_w.o
         0          0          0          0          0          0   rtentry.o
        12          0          0          0          0          0   rtentry2.o
         6          0          0          0          0          0   rtentry4.o
         2          0          0          0          0          0   rtexit.o
        10          0          0          0          0          0   rtexit2.o
       128          0          0          0          0         68   strcmpv7m.o
        12          4          0          0          0         68   sys_exit.o
        74          0          0          0          0         80   sys_stackheap_outer.o
         2          0          0          0          0         68   use_no_semi.o
        98          4          0          0          0         92   d2f.o
       826         16          0          0          0        348   daddsub_clz.o
        16          4          0          0          0         68   dcheck1.o
       688        140          0          0          0        208   ddiv.o
        94          4          0          0          0         92   dfix.o
        84          0          0          0          0        136   dflt_clz.o
       340         12          0          0          0        104   dmul.o
       156          4          0          0          0         92   dnaninf.o
        12          0          0          0          0         68   dretinf.o
       460         56          0          0          0        120   dsqrt_noumaal.o
        86          4          0          0          0         84   f2d.o
       430          8          0          0          0        168   faddsub_clz.o
        62          4          0          0          0         84   ffixu.o
       140          4          0          0          0         84   fnaninf.o
        10          0          0          0          0         68   fretinf.o
         4          0          0          0          0         68   printf1.o
       100          0          0          0          0         68   retnan.o
        92          0          0          0          0         68   scalbn.o
        48          0          0          0          0         68   trapv.o
         0          0          0          0          0          0   usenofp.o
       172          8          0          0          0        112   cos.o
       252         22         48          0          0        124   cos_i.o
        16          6          0          0          0         68   dunder.o
        40          0          0          0          0         68   fpclassify.o
       170          0          0          0          0         96   poly.o
       904         72        200          0          0        140   rred.o
       176         10          0          0          0        116   sin.o
       236         12         40          0          0        128   sin_i.o
        76          0          0          0          0         84   sqrt.o

    ----------------------------------------------------------------------
     10442        586        464          0         96       5788   Library Totals
        18          0          0          0          0          0   (incl. Padding)

    ----------------------------------------------------------------------

      Code (inc. data)   RO Data    RW Data    ZI Data      Debug   Library Name

      4636        196        176          0         96       2764   c_w.l
      3746        260          0          0          0       2088   fz_ws.l
      2042        130        288          0          0        936   m_ws.l

    ----------------------------------------------------------------------
     10442        586        464          0         96       5788   Library Totals

    ----------------------------------------------------------------------

==============================================================================


      Code (inc. data)   RO Data    RW Data    ZI Data      Debug   

     24514       1154       1750       2240      14560     309002   Grand Totals
     24514       1154       1750       1204      14560     309002   ELF Image Totals (compressed)
     24514       1154       1750       1204          0          0   ROM Totals

==============================================================================

    Total RO  Size (Code + RO Data)                26264 (  25.65kB)
    Total RW  Size (RW Data + ZI Data)             16800 (  16.41kB)
    Total ROM Size (Code + RO Data + RW Data)      27468 (  26.82kB)

==============================================================================

