<html>
<body>
<pre>
<h1>µVision Build Log</h1>
<h2>Project:</h2>
E:\xutiefeng\SoftwareV01\san_wei.uvproj
Project File Date:  09/14/2016

<h2>Output:</h2>
Build target 'Target 1'
linking...
Program Size: Code=25018 RO-data=1750 RW-data=2220 ZI-data=14540  
".\obj\san_wei.axf" - 0 Errors, 0 Warning(s).
Load "E:\\xutiefeng\\SoftwareV01\\obj\\san_wei.axf" 
Set JLink Project File to "E:\xutiefeng\SoftwareV01\JLinkSettings.ini"
* JLink Info: Device "STM32F103ZE" selected (512 KB flash, 64 KB RAM).
 
JLink info:
------------
DLL: V4.68a, compiled Apr 12 2013 13:26:50
Firmware: J-Link ARM V8 compiled Jan 31 2018 18:34:52
Hardware: V8.00
S/N : 20080643 
Feature(s) : RDI,FlashDL,FlashBP,JFlash,GDBFull 
 
* JLink Info: TotalIRLen = 9, IRPrint = 0x0011
* JLink Info: TotalIRLen = 9, IRPrint = 0x0011
* JLink Info: Found Cortex-M3 r1p1, Little endian.
* JLink Info: TPIU fitted.
* JLink Info: ETM fitted.
* JLink Info: FPUnit: 6 code (BP) slots and 2 literal slots
ROMTableAddr = 0xE00FF003
* JLink Info: Found Cortex-M3 r1p1, Little endian.
* JLink Info: TPIU fitted.
* JLink Info: ETM fitted.
* JLink Info: FPUnit: 6 code (BP) slots and 2 literal slots
 
Target info:
------------
Device: STM32F103ZE
VTarget = 3.254V
State of Pins: 
TCK: 1, TDI: 0, TDO: 0, TMS: 0, TRES: 1, TRST: 1
Hardware-Breakpoints: 6
Software-Breakpoints: 8192
Watchpoints:          4
JTAG speed: 2000 kHz
 
Erase Done.
Programming Done.
Verify OK.
Build target 'Target 1'
linking...
Program Size: Code=25018 RO-data=1750 RW-data=2220 ZI-data=14540  
".\obj\san_wei.axf" - 0 Errors, 0 Warning(s).
Load "E:\\xutiefeng\\SoftwareV01\\obj\\san_wei.axf" 
Set JLink Project File to "E:\xutiefeng\SoftwareV01\JLinkSettings.ini"
* JLink Info: Device "STM32F103ZE" selected (512 KB flash, 64 KB RAM).
 
JLink info:
------------
DLL: V4.68a, compiled Apr 12 2013 13:26:50
Firmware: J-Link ARM V8 compiled Jan 31 2018 18:34:52
Hardware: V8.00
S/N : 20080643 
Feature(s) : RDI,FlashDL,FlashBP,JFlash,GDBFull 
 
* JLink Info: TotalIRLen = 9, IRPrint = 0x0011
* JLink Info: TotalIRLen = 9, IRPrint = 0x0011
* JLink Info: Found Cortex-M3 r1p1, Little endian.
* JLink Info: TPIU fitted.
* JLink Info: ETM fitted.
* JLink Info: FPUnit: 6 code (BP) slots and 2 literal slots
ROMTableAddr = 0xE00FF003
* JLink Info: Found Cortex-M3 r1p1, Little endian.
* JLink Info: TPIU fitted.
* JLink Info: ETM fitted.
* JLink Info: FPUnit: 6 code (BP) slots and 2 literal slots
 
Target info:
------------
Device: STM32F103ZE
VTarget = 3.306V
State of Pins: 
TCK: 1, TDI: 0, TDO: 0, TMS: 0, TRES: 1, TRST: 1
Hardware-Breakpoints: 6
Software-Breakpoints: 8192
Watchpoints:          4
JTAG speed: 2000 kHz
 
Erase Done.
Programming Done.
Verify OK.
Build target 'Target 1'
compiling relay.c...
app\relay.h(6): warning:  #1-D: last line of file ends without a newline
app\relay.c(40): warning:  #1-D: last line of file ends without a newline
compiling 1335.C...
.\OS32\ostype.h(97): warning:  #1-D: last line of file ends without a newline
.\gui\INC\option.h(74): warning:  #1-D: last line of file ends without a newline
.\gui\INC\def.h(1032): warning:  #47-D: incompatible redefinition of macro "Pi" (declared at line 6 of ".\app\monitoring.h")
.\driver\DriverSPI.h(28): warning:  #1-D: last line of file ends without a newline
app\1335.C(695): warning:  #223-D: function "ExtLineConfig" declared implicitly
app\1335.C(700): warning:  #188-D: enumerated type mixed with another type
app\1335.C(701): warning:  #223-D: function "delay" declared implicitly
app\1335.C(702): warning:  #188-D: enumerated type mixed with another type
app\1335.C(652): warning:  #177-D: variable "EXTI_InitStructure" was declared but never referenced
app\1335.C(653): warning:  #177-D: variable "NVIC_InitStructure" was declared but never referenced
app\1335.C(711): warning:  #188-D: enumerated type mixed with another type
app\1335.C(712): warning:  #188-D: enumerated type mixed with another type
app\1335.C(721): warning:  #188-D: enumerated type mixed with another type
app\1335.C(725): warning:  #188-D: enumerated type mixed with another type
app\1335.C(730): warning:  #188-D: enumerated type mixed with another type
app\1335.C(734): warning:  #188-D: enumerated type mixed with another type
app\1335.C(739): warning:  #188-D: enumerated type mixed with another type
app\1335.C(743): warning:  #188-D: enumerated type mixed with another type
app\1335.C(748): warning:  #188-D: enumerated type mixed with another type
app\1335.C(752): warning:  #188-D: enumerated type mixed with another type
app\1335.C(757): warning:  #188-D: enumerated type mixed with another type
app\1335.C(761): warning:  #188-D: enumerated type mixed with another type
app\1335.C(764): warning:  #188-D: enumerated type mixed with another type
app\1335.C(766): warning:  #188-D: enumerated type mixed with another type
app\1335.C(767): warning:  #188-D: enumerated type mixed with another type
app\1335.C(773): warning:  #188-D: enumerated type mixed with another type
app\1335.C(774): warning:  #188-D: enumerated type mixed with another type
app\1335.C(782): warning:  #188-D: enumerated type mixed with another type
app\1335.C(786): warning:  #188-D: enumerated type mixed with another type
app\1335.C(791): warning:  #188-D: enumerated type mixed with another type
app\1335.C(795): warning:  #188-D: enumerated type mixed with another type
app\1335.C(800): warning:  #188-D: enumerated type mixed with another type
app\1335.C(804): warning:  #188-D: enumerated type mixed with another type
app\1335.C(809): warning:  #188-D: enumerated type mixed with another type
app\1335.C(813): warning:  #188-D: enumerated type mixed with another type
app\1335.C(818): warning:  #188-D: enumerated type mixed with another type
app\1335.C(822): warning:  #188-D: enumerated type mixed with another type
app\1335.C(827): warning:  #188-D: enumerated type mixed with another type
app\1335.C(829): warning:  #188-D: enumerated type mixed with another type
app\1335.C(830): warning:  #188-D: enumerated type mixed with another type
app\1335.C(938): warning:  #223-D: function "delay" declared implicitly
app\1335.C(1002): warning:  #223-D: function "delay" declared implicitly
app\1335.C(1013): warning:  #223-D: function "delay" declared implicitly
app\1335.C(1032): warning:  #223-D: function "delay" declared implicitly
app\1335.C(1050): warning:  #223-D: function "delay" declared implicitly
app\1335.C(1478): warning:  #223-D: function "delay" declared implicitly
app\1335.C(1565): warning:  #223-D: function "delay" declared implicitly
linking...
Program Size: Code=25022 RO-data=1746 RW-data=2220 ZI-data=14540  
".\obj\san_wei.axf" - 0 Errors, 49 Warning(s).
Load "E:\\xutiefeng\\SoftwareV01\\obj\\san_wei.axf" 
Set JLink Project File to "E:\xutiefeng\SoftwareV01\JLinkSettings.ini"
* JLink Info: Device "STM32F103ZE" selected (512 KB flash, 64 KB RAM).
 
JLink info:
------------
DLL: V4.68a, compiled Apr 12 2013 13:26:50
Firmware: J-Link ARM V8 compiled Jan 31 2018 18:34:52
Hardware: V8.00
S/N : 20080643 
Feature(s) : RDI,FlashDL,FlashBP,JFlash,GDBFull 
 
* JLink Info: TotalIRLen = 9, IRPrint = 0x0011
* JLink Info: TotalIRLen = 9, IRPrint = 0x0011
* JLink Info: Found Cortex-M3 r1p1, Little endian.
* JLink Info: TPIU fitted.
* JLink Info: ETM fitted.
* JLink Info: FPUnit: 6 code (BP) slots and 2 literal slots
ROMTableAddr = 0xE00FF003
* JLink Info: Found Cortex-M3 r1p1, Little endian.
* JLink Info: TPIU fitted.
* JLink Info: ETM fitted.
* JLink Info: FPUnit: 6 code (BP) slots and 2 literal slots
 
Target info:
------------
Device: STM32F103ZE
VTarget = 3.267V
State of Pins: 
TCK: 1, TDI: 0, TDO: 0, TMS: 0, TRES: 1, TRST: 1
Hardware-Breakpoints: 6
Software-Breakpoints: 8192
Watchpoints:          4
JTAG speed: 2000 kHz
 
Erase Done.
Programming Done.
Verify OK.
Build target 'Target 1'
compiling 1335.C...
.\OS32\ostype.h(97): warning:  #1-D: last line of file ends without a newline
.\gui\INC\option.h(74): warning:  #1-D: last line of file ends without a newline
.\gui\INC\def.h(1032): warning:  #47-D: incompatible redefinition of macro "Pi" (declared at line 6 of ".\app\monitoring.h")
.\driver\DriverSPI.h(28): warning:  #1-D: last line of file ends without a newline
app\1335.C(695): warning:  #223-D: function "ExtLineConfig" declared implicitly
app\1335.C(700): warning:  #188-D: enumerated type mixed with another type
app\1335.C(701): warning:  #223-D: function "delay" declared implicitly
app\1335.C(702): warning:  #188-D: enumerated type mixed with another type
app\1335.C(652): warning:  #177-D: variable "EXTI_InitStructure" was declared but never referenced
app\1335.C(653): warning:  #177-D: variable "NVIC_InitStructure" was declared but never referenced
app\1335.C(711): warning:  #188-D: enumerated type mixed with another type
app\1335.C(712): warning:  #188-D: enumerated type mixed with another type
app\1335.C(721): warning:  #188-D: enumerated type mixed with another type
app\1335.C(725): warning:  #188-D: enumerated type mixed with another type
app\1335.C(730): warning:  #188-D: enumerated type mixed with another type
app\1335.C(734): warning:  #188-D: enumerated type mixed with another type
app\1335.C(739): warning:  #188-D: enumerated type mixed with another type
app\1335.C(743): warning:  #188-D: enumerated type mixed with another type
app\1335.C(748): warning:  #188-D: enumerated type mixed with another type
app\1335.C(752): warning:  #188-D: enumerated type mixed with another type
app\1335.C(757): warning:  #188-D: enumerated type mixed with another type
app\1335.C(761): warning:  #188-D: enumerated type mixed with another type
app\1335.C(764): warning:  #188-D: enumerated type mixed with another type
app\1335.C(766): warning:  #188-D: enumerated type mixed with another type
app\1335.C(767): warning:  #188-D: enumerated type mixed with another type
app\1335.C(773): warning:  #188-D: enumerated type mixed with another type
app\1335.C(774): warning:  #188-D: enumerated type mixed with another type
app\1335.C(782): warning:  #188-D: enumerated type mixed with another type
app\1335.C(786): warning:  #188-D: enumerated type mixed with another type
app\1335.C(791): warning:  #188-D: enumerated type mixed with another type
app\1335.C(795): warning:  #188-D: enumerated type mixed with another type
app\1335.C(800): warning:  #188-D: enumerated type mixed with another type
app\1335.C(804): warning:  #188-D: enumerated type mixed with another type
app\1335.C(809): warning:  #188-D: enumerated type mixed with another type
app\1335.C(813): warning:  #188-D: enumerated type mixed with another type
app\1335.C(818): warning:  #188-D: enumerated type mixed with another type
app\1335.C(822): warning:  #188-D: enumerated type mixed with another type
app\1335.C(827): warning:  #188-D: enumerated type mixed with another type
app\1335.C(829): warning:  #188-D: enumerated type mixed with another type
app\1335.C(830): warning:  #188-D: enumerated type mixed with another type
app\1335.C(938): warning:  #223-D: function "delay" declared implicitly
app\1335.C(1002): warning:  #223-D: function "delay" declared implicitly
app\1335.C(1013): warning:  #223-D: function "delay" declared implicitly
app\1335.C(1032): warning:  #223-D: function "delay" declared implicitly
app\1335.C(1050): warning:  #223-D: function "delay" declared implicitly
app\1335.C(1478): warning:  #223-D: function "delay" declared implicitly
app\1335.C(1565): warning:  #223-D: function "delay" declared implicitly
linking...
Program Size: Code=25026 RO-data=1750 RW-data=2220 ZI-data=14540  
".\obj\san_wei.axf" - 0 Errors, 47 Warning(s).
Load "E:\\xutiefeng\\SoftwareV01\\obj\\san_wei.axf" 
Set JLink Project File to "E:\xutiefeng\SoftwareV01\JLinkSettings.ini"
* JLink Info: Device "STM32F103ZE" selected (512 KB flash, 64 KB RAM).
 
JLink info:
------------
DLL: V4.68a, compiled Apr 12 2013 13:26:50
Firmware: J-Link ARM V8 compiled Jan 31 2018 18:34:52
Hardware: V8.00
S/N : 20080643 
Feature(s) : RDI,FlashDL,FlashBP,JFlash,GDBFull 
 
* JLink Info: TotalIRLen = 9, IRPrint = 0x0011
* JLink Info: TotalIRLen = 9, IRPrint = 0x0011
* JLink Info: Found Cortex-M3 r1p1, Little endian.
* JLink Info: TPIU fitted.
* JLink Info: ETM fitted.
* JLink Info: FPUnit: 6 code (BP) slots and 2 literal slots
ROMTableAddr = 0xE00FF003
* JLink Info: Found Cortex-M3 r1p1, Little endian.
* JLink Info: TPIU fitted.
* JLink Info: ETM fitted.
* JLink Info: FPUnit: 6 code (BP) slots and 2 literal slots
 
Target info:
------------
Device: STM32F103ZE
VTarget = 3.371V
State of Pins: 
TCK: 1, TDI: 0, TDO: 0, TMS: 0, TRES: 1, TRST: 1
Hardware-Breakpoints: 6
Software-Breakpoints: 8192
Watchpoints:          4
JTAG speed: 2000 kHz
 
Erase Done.
Programming Done.
Verify OK.
